Archive member included to satisfy reference by file (symbol)

C:/NXP/S32DS_ARM_v2018.R1/S32DS/arm32_ewl2/lib/thumb/v6-m\libc99.a(exit.o)
                              C:/NXP/S32DS_ARM_v2018.R1/S32DS/arm32_ewl2/lib/thumb/v6-m/__arm_start.o (exit)
C:/NXP/S32DS_ARM_v2018.R1/S32DS/arm32_ewl2/lib/thumb/v6-m\libc99.a(memcpy.o)
                              ./SDK/rtos/FreeRTOS_S32K/Source/stream_buffer.o (memcpy)
C:/NXP/S32DS_ARM_v2018.R1/S32DS/arm32_ewl2/lib/thumb/v6-m\libc99.a(memset.o)
                              C:/NXP/S32DS_ARM_v2018.R1/S32DS/arm32_ewl2/lib/thumb/v6-m/__arm_start.o (memset)
C:/NXP/S32DS_ARM_v2018.R1/S32DS/arm32_ewl2/lib/thumb/v6-m\libc99.a(strlen.o)
                              ./Sources/uart.o (strlen)
C:/NXP/S32DS_ARM_v2018.R1/S32DS/arm32_ewl2/lib/thumb/v6-m\libc99.a(__filll_mem.o)
                              C:/NXP/S32DS_ARM_v2018.R1/S32DS/arm32_ewl2/lib/thumb/v6-m\libc99.a(memset.o) (__fill_mem)
c:/nxp/s32ds_arm_v2018.r1/cross_tools/gcc-6.3-arm32-eabi/bin/../lib/gcc/arm-none-eabi/6.3.1/thumb/v6-m\libgcc.a(_udivsi3.o)
                              ./SDK/rtos/osif/osif_freertos.o (__aeabi_uidiv)
c:/nxp/s32ds_arm_v2018.r1/cross_tools/gcc-6.3-arm32-eabi/bin/../lib/gcc/arm-none-eabi/6.3.1/thumb/v6-m\libgcc.a(_dvmd_tls.o)
                              c:/nxp/s32ds_arm_v2018.r1/cross_tools/gcc-6.3-arm32-eabi/bin/../lib/gcc/arm-none-eabi/6.3.1/thumb/v6-m\libgcc.a(_udivsi3.o) (__aeabi_idiv0)
c:/nxp/s32ds_arm_v2018.r1/cross_tools/gcc-6.3-arm32-eabi/bin/../lib/gcc/arm-none-eabi/6.3.1/thumb/v6-m\libgcc.a(_aeabi_uldivmod.o)
                              ./SDK/rtos/osif/osif_freertos.o (__aeabi_uldivmod)
c:/nxp/s32ds_arm_v2018.r1/cross_tools/gcc-6.3-arm32-eabi/bin/../lib/gcc/arm-none-eabi/6.3.1/thumb/v6-m\libgcc.a(_muldi3.o)
                              ./SDK/rtos/osif/osif_freertos.o (__aeabi_lmul)
c:/nxp/s32ds_arm_v2018.r1/cross_tools/gcc-6.3-arm32-eabi/bin/../lib/gcc/arm-none-eabi/6.3.1/thumb/v6-m\libgcc.a(_udivmoddi4.o)
                              c:/nxp/s32ds_arm_v2018.r1/cross_tools/gcc-6.3-arm32-eabi/bin/../lib/gcc/arm-none-eabi/6.3.1/thumb/v6-m\libgcc.a(_aeabi_uldivmod.o) (__udivmoddi4)
c:/nxp/s32ds_arm_v2018.r1/cross_tools/gcc-6.3-arm32-eabi/bin/../lib/gcc/arm-none-eabi/6.3.1/thumb/v6-m\libgcc.a(_clzdi2.o)
                              c:/nxp/s32ds_arm_v2018.r1/cross_tools/gcc-6.3-arm32-eabi/bin/../lib/gcc/arm-none-eabi/6.3.1/thumb/v6-m\libgcc.a(_udivmoddi4.o) (__clzdi2)
c:/nxp/s32ds_arm_v2018.r1/cross_tools/gcc-6.3-arm32-eabi/bin/../lib/gcc/arm-none-eabi/6.3.1/thumb/v6-m\libgcc.a(_clzsi2.o)
                              c:/nxp/s32ds_arm_v2018.r1/cross_tools/gcc-6.3-arm32-eabi/bin/../lib/gcc/arm-none-eabi/6.3.1/thumb/v6-m\libgcc.a(_clzdi2.o) (__clzsi2)
C:/NXP/S32DS_ARM_v2018.R1/S32DS/arm32_ewl2/lib/thumb/v6-m\librt.a(gcc_ctor_dtor.o)
                              C:/NXP/S32DS_ARM_v2018.R1/S32DS/arm32_ewl2/lib/thumb/v6-m/__arm_start.o (__init_cpp)
C:/NXP/S32DS_ARM_v2018.R1/S32DS/arm32_ewl2/lib/thumb/v6-m\librt.a(__arm_eabi_init.o)
                              C:/NXP/S32DS_ARM_v2018.R1/S32DS/arm32_ewl2/lib/thumb/v6-m\libc99.a(exit.o) (__destroy_global_chain)
C:/NXP/S32DS_ARM_v2018.R1/S32DS/arm32_ewl2/lib/thumb/v6-m\librt.a(ROMCopy.o)
                              C:/NXP/S32DS_ARM_v2018.R1/S32DS/arm32_ewl2/lib/thumb/v6-m/__arm_start.o (__copy_rom_sections_to_ram)

Allocating common symbols
Common symbol       size              file

g_xtal0ClkFreq      0x4               ./SDK/platform/drivers/src/clock/S32K1xx/clock_S32K1xx.o
g_RtcClkInFreq      0x4               ./SDK/platform/drivers/src/clock/S32K1xx/clock_S32K1xx.o
g_TClkFreq          0xc               ./SDK/platform/drivers/src/clock/S32K1xx/clock_S32K1xx.o
dmaController1_State
                    0x10              ./Generated_Code/dmaController1.o
dmaController1Chn0_State
                    0x10              ./Generated_Code/dmaController1.o

Discarded input sections

 .text          0x00000000        0x0 C:/NXP/S32DS_ARM_v2018.R1/S32DS/arm32_ewl2/lib/thumb/v6-m/__arm_start.o
 .data          0x00000000        0x0 C:/NXP/S32DS_ARM_v2018.R1/S32DS/arm32_ewl2/lib/thumb/v6-m/__arm_start.o
 .bss           0x00000000        0x0 C:/NXP/S32DS_ARM_v2018.R1/S32DS/arm32_ewl2/lib/thumb/v6-m/__arm_start.o
 .text.__thumb_startup
                0x00000000       0x3c C:/NXP/S32DS_ARM_v2018.R1/S32DS/arm32_ewl2/lib/thumb/v6-m/__arm_start.o
 .text.__iar_program_start
                0x00000000        0x4 C:/NXP/S32DS_ARM_v2018.R1/S32DS/arm32_ewl2/lib/thumb/v6-m/__arm_start.o
 .bss.argv      0x00000000        0x4 C:/NXP/S32DS_ARM_v2018.R1/S32DS/arm32_ewl2/lib/thumb/v6-m/__arm_start.o
 .debug_info    0x00000000      0x126 C:/NXP/S32DS_ARM_v2018.R1/S32DS/arm32_ewl2/lib/thumb/v6-m/__arm_start.o
 .debug_abbrev  0x00000000       0xbe C:/NXP/S32DS_ARM_v2018.R1/S32DS/arm32_ewl2/lib/thumb/v6-m/__arm_start.o
 .debug_aranges
                0x00000000       0x28 C:/NXP/S32DS_ARM_v2018.R1/S32DS/arm32_ewl2/lib/thumb/v6-m/__arm_start.o
[...]
Memory Configuration

Name             Origin             Length             Attributes
m_interrupts     0x00000000         0x000000c0         xr
m_flash_config   0x00000400         0x00000010         xr
m_text           0x00000410         0x0001fbf0         xr
m_custom         0x1ffffc00         0x00000400         rw
m_data           0x20000000         0x000020c0         rw
m_data_2         0x200020c0         0x00001740         rw
*default*        0x00000000         0xffffffff

Linker script and memory map

LOAD C:/NXP/S32DS_ARM_v2018.R1/S32DS/arm32_ewl2/lib/thumb/v6-m/__arm_start.o
LOAD ./Sources/uart.o
LOAD ./Sources/rtos.o
LOAD ./Sources/main.o
LOAD ./Sources/led.o
LOAD ./SDK/rtos/osif/osif_freertos.o
LOAD ./SDK/rtos/FreeRTOS_S32K/Source/portable/MemMang/heap_2.o
LOAD ./SDK/rtos/FreeRTOS_S32K/Source/portable/GCC/ARM_CM0/port.o
LOAD ./SDK/rtos/FreeRTOS_S32K/Source/timers.o
LOAD ./SDK/rtos/FreeRTOS_S32K/Source/tasks.o
LOAD ./SDK/rtos/FreeRTOS_S32K/Source/stream_buffer.o
LOAD ./SDK/rtos/FreeRTOS_S32K/Source/queue.o
LOAD ./SDK/rtos/FreeRTOS_S32K/Source/list.o
LOAD ./SDK/rtos/FreeRTOS_S32K/Source/event_groups.o
LOAD ./SDK/rtos/FreeRTOS_S32K/Source/croutine.o
LOAD ./SDK/platform/pal/src/uart/uart_pal.o
LOAD ./SDK/platform/drivers/src/pins/pins_port_hw_access.o
LOAD ./SDK/platform/drivers/src/pins/pins_driver.o
LOAD ./SDK/platform/drivers/src/lpuart/lpuart_irq.o
LOAD ./SDK/platform/drivers/src/lpuart/lpuart_hw_access.o
LOAD ./SDK/platform/drivers/src/lpuart/lpuart_driver.o
LOAD ./SDK/platform/drivers/src/interrupt/interrupt_manager.o
LOAD ./SDK/platform/drivers/src/edma/edma_irq.o
LOAD ./SDK/platform/drivers/src/edma/edma_hw_access.o
LOAD ./SDK/platform/drivers/src/edma/edma_driver.o
LOAD ./SDK/platform/drivers/src/clock/S32K1xx/clock_S32K1xx.o
LOAD ./SDK/platform/devices/startup.o
LOAD ./SDK/platform/devices/S32K116/startup/system_S32K116.o
LOAD ./Project_Settings/Startup_Code/startup_S32K116.o
LOAD ./Generated_Code/uart_pal1.o
LOAD ./Generated_Code/pin_mux.o
LOAD ./Generated_Code/dmaController1.o
LOAD ./Generated_Code/clockMan1.o
LOAD ./Generated_Code/Cpu.o
START GROUP
LOAD C:/NXP/S32DS_ARM_v2018.R1/S32DS/arm32_ewl2/lib/thumb/v6-m\libc99.a
LOAD C:/NXP/S32DS_ARM_v2018.R1/S32DS/arm32_ewl2/lib/thumb/v6-m\libm.a
LOAD c:/nxp/s32ds_arm_v2018.r1/cross_tools/gcc-6.3-arm32-eabi/bin/../lib/gcc/arm-none-eabi/6.3.1/thumb/v6-m\libgcc.a
LOAD C:/NXP/S32DS_ARM_v2018.R1/S32DS/arm32_ewl2/lib/thumb/v6-m\librt.a
LOAD C:/NXP/S32DS_ARM_v2018.R1/S32DS/arm32_ewl2/lib/thumb/v6-m\libnoio.a
END GROUP
LOAD C:/NXP/S32DS_ARM_v2018.R1/S32DS/arm32_ewl2/lib/thumb/v6-m/__arm_end.o
                0x00000200                HEAP_SIZE = DEFINED (__heap_size__)?__heap_size__:0x200
                0x00000200                STACK_SIZE = DEFINED (__stack_size__)?__stack_size__:0x200
                0x000000c0                M_VECTOR_RAM_SIZE = DEFINED (__flash_vector_table__)?0x0:0xc0

.interrupts     0x00000000       0xc0
                0x00000000                __VECTOR_TABLE = .
                0x00000000                __interrupts_start__ = .
                0x00000000                . = ALIGN (0x4)
 *(.isr_vector)
 .isr_vector    0x00000000       0xc0 ./Project_Settings/Startup_Code/startup_S32K116.o
                0x00000000                __isr_vector
                0x000000c0                __interrupts_end__ = .
                0x000000c0                . = ALIGN (0x4)

.flash_config   0x00000400       0x10
                0x00000400                . = ALIGN (0x4)
 *(.FlashConfig)
 .FlashConfig   0x00000400       0x10 ./Project_Settings/Startup_Code/startup_S32K116.o
                0x00000410                . = ALIGN (0x4)

.text           0x00000410     0x7cc0
                0x00000410                . = ALIGN (0x4)
 *(.text)
 .text          0x00000410       0x60 ./Project_Settings/Startup_Code/startup_S32K116.o
                0x00000410                Reset_Handler
                0x0000046c                ERM_fault_IRQHandler
                0x0000046c                NMI_Handler
                0x0000046c                LPIT0_IRQHandler
                0x0000046c                ADC0_IRQHandler
                0x0000046c                FTM0_Ovf_Reload_IRQHandler
                0x0000046c                FTM1_Ch0_7_IRQHandler
                0x0000046c                DefaultISR
                0x0000046c                SCG_CMU_LVD_LVWSCG_IRQHandler
                0x0000046c                FTM0_Ch0_7_IRQHandler
                0x0000046c                RTC_IRQHandler
                0x0000046c                PDB0_IRQHandler
                0x0000046c                HardFault_Handler
                0x0000046c                CAN0_ORed_Err_Wakeup_IRQHandler
                0x0000046c                Reserved27_IRQHandler
                0x0000046c                LPUART1_RxTx_IRQHandler
                0x0000046c                RTC_Seconds_IRQHandler
                0x0000046c                CAN0_ORed_0_31_MB_IRQHandler
                0x0000046c                FTFC_IRQHandler
                0x0000046c                LPSPI0_IRQHandler
                0x0000046c                FTM0_Fault_IRQHandler
                0x0000046c                RCM_IRQHandler
                0x0000046c                FTM1_Fault_IRQHandler
                0x0000046c                LPI2C0_Master_Slave_IRQHandler
                0x0000046c                LPUART0_RxTx_IRQHandler
                0x0000046c                WDOG_IRQHandler
                0x0000046c                LPTMR0_IRQHandler
                0x0000046c                FTM1_Ovf_Reload_IRQHandler
                0x0000046c                CMP0_IRQHandler
                0x0000046c                PORT_IRQHandler
                0x0000046c                FLEXIO_IRQHandler
 .text          0x00000470      0x114 c:/nxp/s32ds_arm_v2018.r1/cross_tools/gcc-6.3-arm32-eabi/bin/../lib/gcc/arm-none-eabi/6.3.1/thumb/v6-m\libgcc.a(_udivsi3.o)
                0x00000470                __aeabi_uidiv
                0x00000470                __udivsi3
                0x0000057c                __aeabi_uidivmod
 .text          0x00000584        0x4 c:/nxp/s32ds_arm_v2018.r1/cross_tools/gcc-6.3-arm32-eabi/bin/../lib/gcc/arm-none-eabi/6.3.1/thumb/v6-m\libgcc.a(_dvmd_tls.o)
                0x00000584                __aeabi_idiv0
                0x00000584                __aeabi_ldiv0
 *(.text*)
 .text.Uart_RxCallback
                0x00000588       0x24 ./Sources/uart.o
                0x00000588                Uart_RxCallback
 .text.vUartTask
                0x000005ac       0x60 ./Sources/uart.o
                0x000005ac                vUartTask
 .text.RTOS_Init
                0x0000060c       0x44 ./Sources/rtos.o
                0x0000060c                RTOS_Init
 .text.RTOS_Start
                0x00000650        0xe ./Sources/rtos.o
                0x00000650                RTOS_Start
 *fill*         0x0000065e        0x2 
 .text.main     0x00000660       0x64 ./Sources/main.o
                0x00000660                main
 .text.LED_RGB_RED_Ctrl
                0x000006c4       0x28 ./Sources/led.o
                0x000006c4                LED_RGB_RED_Ctrl
 .text.vLedTask
                0x000006ec       0x2a ./Sources/led.o
                0x000006ec                vLedTask
 *fill*         0x00000716        0x2 
 .text.osif_IsIsrContext
                0x00000718       0x38 ./SDK/rtos/osif/osif_freertos.o
 .text.OSIF_SemaPost
                0x00000750       0x88 ./SDK/rtos/osif/osif_freertos.o
                0x00000750                OSIF_SemaPost
 .text.OSIF_SemaCreate
                0x000007d8       0x46 ./SDK/rtos/osif/osif_freertos.o
                0x000007d8                OSIF_SemaCreate
 *fill*         0x0000081e        0x2 
 .text.pvPortMalloc
                0x00000820      0x11c ./SDK/rtos/FreeRTOS_S32K/Source/portable/MemMang/heap_2.o
                0x00000820                pvPortMalloc
 .text.vPortFree
                0x0000093c       0x74 ./SDK/rtos/FreeRTOS_S32K/Source/portable/MemMang/heap_2.o
                0x0000093c                vPortFree
 .text.prvHeapInit
                0x000009b0       0x50 ./SDK/rtos/FreeRTOS_S32K/Source/portable/MemMang/heap_2.o
 .text.pxPortInitialiseStack
                0x00000a00       0x54 ./SDK/rtos/FreeRTOS_S32K/Source/portable/GCC/ARM_CM0/port.o
                0x00000a00                pxPortInitialiseStack
 .text.prvTaskExitError
                0x00000a54       0x2c ./SDK/rtos/FreeRTOS_S32K/Source/portable/GCC/ARM_CM0/port.o
 .text.SVC_Handler
                0x00000a80        0xa ./SDK/rtos/FreeRTOS_S32K/Source/portable/GCC/ARM_CM0/port.o
                0x00000a80                SVC_Handler
 *fill*         0x00000a8a        0x6 
 .text.vPortStartFirstTask
                0x00000a90       0x38 ./SDK/rtos/FreeRTOS_S32K/Source/portable/GCC/ARM_CM0/port.o
 .text.xPortStartScheduler
                0x00000ac8       0x48 ./SDK/rtos/FreeRTOS_S32K/Source/portable/GCC/ARM_CM0/port.o
                0x00000ac8                xPortStartScheduler
 .text.vPortYield
                0x00000b10       0x20 ./SDK/rtos/FreeRTOS_S32K/Source/portable/GCC/ARM_CM0/port.o
                0x00000b10                vPortYield
 .text.vPortEnterCritical
                0x00000b30       0x24 ./SDK/rtos/FreeRTOS_S32K/Source/portable/GCC/ARM_CM0/port.o
                0x00000b30                vPortEnterCritical
 .text.vPortExitCritical
                0x00000b54       0x30 ./SDK/rtos/FreeRTOS_S32K/Source/portable/GCC/ARM_CM0/port.o
                0x00000b54                vPortExitCritical
 .text.ulSetInterruptMaskFromISR
                0x00000b84        0xc ./SDK/rtos/FreeRTOS_S32K/Source/portable/GCC/ARM_CM0/port.o
                0x00000b84                ulSetInterruptMaskFromISR
 .text.vClearInterruptMaskFromISR
                0x00000b90        0x8 ./SDK/rtos/FreeRTOS_S32K/Source/portable/GCC/ARM_CM0/port.o
                0x00000b90                vClearInterruptMaskFromISR
 *fill*         0x00000b98        0x8 
 .text.PendSV_Handler
                0x00000ba0       0x48 ./SDK/rtos/FreeRTOS_S32K/Source/portable/GCC/ARM_CM0/port.o
                0x00000ba0                PendSV_Handler
 .text.SysTick_Handler
                0x00000be8       0x34 ./SDK/rtos/FreeRTOS_S32K/Source/portable/GCC/ARM_CM0/port.o
                0x00000be8                SysTick_Handler
 .text.prvSetupTimerInterrupt
                0x00000c1c       0x34 ./SDK/rtos/FreeRTOS_S32K/Source/portable/GCC/ARM_CM0/port.o
 .text.xTimerCreateTimerTask
                0x00000c50       0x54 ./SDK/rtos/FreeRTOS_S32K/Source/timers.o
                0x00000c50                xTimerCreateTimerTask
 .text.xTimerGenericCommand
                0x00000ca4       0x9c ./SDK/rtos/FreeRTOS_S32K/Source/timers.o
                0x00000ca4                xTimerGenericCommand
 .text.prvProcessExpiredTimer
                0x00000d40       0x70 ./SDK/rtos/FreeRTOS_S32K/Source/timers.o
 .text.prvTimerTask
                0x00000db0       0x28 ./SDK/rtos/FreeRTOS_S32K/Source/timers.o
 .text.prvProcessTimerOrBlockTask
                0x00000dd8       0x8c ./SDK/rtos/FreeRTOS_S32K/Source/timers.o
 .text.prvGetNextExpireTime
                0x00000e64       0x40 ./SDK/rtos/FreeRTOS_S32K/Source/timers.o
 .text.prvSampleTimeNow
                0x00000ea4       0x40 ./SDK/rtos/FreeRTOS_S32K/Source/timers.o
 .text.prvInsertTimerInActiveList
                0x00000ee4       0x84 ./SDK/rtos/FreeRTOS_S32K/Source/timers.o
 .text.prvProcessReceivedCommands
                0x00000f68      0x12c ./SDK/rtos/FreeRTOS_S32K/Source/timers.o
 .text.prvSwitchTimerLists
                0x00001094       0xb4 ./SDK/rtos/FreeRTOS_S32K/Source/timers.o
 .text.prvCheckForValidListAndQueue
                0x00001148       0x5c ./SDK/rtos/FreeRTOS_S32K/Source/timers.o
 .text.xTaskCreate
                0x000011a4       0x90 ./SDK/rtos/FreeRTOS_S32K/Source/tasks.o
                0x000011a4                xTaskCreate
 .text.prvInitialiseNewTask
                0x00001234      0x10c ./SDK/rtos/FreeRTOS_S32K/Source/tasks.o
 .text.prvAddNewTaskToReadyList
                0x00001340       0xc8 ./SDK/rtos/FreeRTOS_S32K/Source/tasks.o
 .text.vTaskDelay
                0x00001408       0x4c ./SDK/rtos/FreeRTOS_S32K/Source/tasks.o
                0x00001408                vTaskDelay
 .text.vTaskStartScheduler
                0x00001454       0x78 ./SDK/rtos/FreeRTOS_S32K/Source/tasks.o
                0x00001454                vTaskStartScheduler
 .text.vTaskSuspendAll
                0x000014cc       0x18 ./SDK/rtos/FreeRTOS_S32K/Source/tasks.o
                0x000014cc                vTaskSuspendAll
 .text.xTaskResumeAll
                0x000014e4      0x118 ./SDK/rtos/FreeRTOS_S32K/Source/tasks.o
                0x000014e4                xTaskResumeAll
 .text.xTaskGetTickCount
                0x000015fc       0x1c ./SDK/rtos/FreeRTOS_S32K/Source/tasks.o
                0x000015fc                xTaskGetTickCount
 .text.xTaskIncrementTick
                0x00001618      0x168 ./SDK/rtos/FreeRTOS_S32K/Source/tasks.o
                0x00001618                xTaskIncrementTick
 .text.vTaskSwitchContext
                0x00001780       0xa4 ./SDK/rtos/FreeRTOS_S32K/Source/tasks.o
                0x00001780                vTaskSwitchContext
 .text.vTaskPlaceOnEventList
                0x00001824       0x3c ./SDK/rtos/FreeRTOS_S32K/Source/tasks.o
                0x00001824                vTaskPlaceOnEventList
 .text.vTaskPlaceOnEventListRestricted
                0x00001860       0x4c ./SDK/rtos/FreeRTOS_S32K/Source/tasks.o
                0x00001860                vTaskPlaceOnEventListRestricted
 .text.xTaskRemoveFromEventList
                0x000018ac       0xb8 ./SDK/rtos/FreeRTOS_S32K/Source/tasks.o
                0x000018ac                xTaskRemoveFromEventList
 .text.vTaskInternalSetTimeOutState
                0x00001964       0x28 ./SDK/rtos/FreeRTOS_S32K/Source/tasks.o
                0x00001964                vTaskInternalSetTimeOutState
 .text.xTaskCheckForTimeOut
                0x0000198c       0xc0 ./SDK/rtos/FreeRTOS_S32K/Source/tasks.o
                0x0000198c                xTaskCheckForTimeOut
 .text.vTaskMissedYield
                0x00001a4c       0x14 ./SDK/rtos/FreeRTOS_S32K/Source/tasks.o
                0x00001a4c                vTaskMissedYield
 .text.prvIdleTask
                0x00001a60       0x20 ./SDK/rtos/FreeRTOS_S32K/Source/tasks.o
 .text.prvInitialiseTaskLists
                0x00001a80       0x88 ./SDK/rtos/FreeRTOS_S32K/Source/tasks.o
 .text.prvCheckTasksWaitingTermination
                0x00001b08       0x5c ./SDK/rtos/FreeRTOS_S32K/Source/tasks.o
 .text.prvDeleteTCB
                0x00001b64       0x22 ./SDK/rtos/FreeRTOS_S32K/Source/tasks.o
 *fill*         0x00001b86        0x2 
 .text.prvResetNextTaskUnblockTime
                0x00001b88       0x48 ./SDK/rtos/FreeRTOS_S32K/Source/tasks.o
 .text.xTaskGetSchedulerState
                0x00001bd0       0x38 ./SDK/rtos/FreeRTOS_S32K/Source/tasks.o
                0x00001bd0                xTaskGetSchedulerState
 .text.xTaskPriorityDisinherit
                0x00001c08       0xb8 ./SDK/rtos/FreeRTOS_S32K/Source/tasks.o
                0x00001c08                xTaskPriorityDisinherit
 .text.prvAddCurrentTaskToDelayedList
                0x00001cc0       0xb4 ./SDK/rtos/FreeRTOS_S32K/Source/tasks.o
 .text.xQueueGenericReset
                0x00001d74       0xa8 ./SDK/rtos/FreeRTOS_S32K/Source/queue.o
                0x00001d74                xQueueGenericReset
 .text.xQueueGenericCreate
                0x00001e1c       0x64 ./SDK/rtos/FreeRTOS_S32K/Source/queue.o
                0x00001e1c                xQueueGenericCreate
 .text.prvInitialiseNewQueue
                0x00001e80       0x44 ./SDK/rtos/FreeRTOS_S32K/Source/queue.o
 .text.xQueueCreateCountingSemaphore
                0x00001ec4       0x46 ./SDK/rtos/FreeRTOS_S32K/Source/queue.o
                0x00001ec4                xQueueCreateCountingSemaphore
 .text.xQueueGenericSend
                0x00001f0a      0x188 ./SDK/rtos/FreeRTOS_S32K/Source/queue.o
                0x00001f0a                xQueueGenericSend
 .text.xQueueGenericSendFromISR
                0x00002092       0xe4 ./SDK/rtos/FreeRTOS_S32K/Source/queue.o
                0x00002092                xQueueGenericSendFromISR
 .text.xQueueGiveFromISR
                0x00002176       0xcc ./SDK/rtos/FreeRTOS_S32K/Source/queue.o
                0x00002176                xQueueGiveFromISR
 .text.xQueueReceive
                0x00002242      0x16a ./SDK/rtos/FreeRTOS_S32K/Source/queue.o
                0x00002242                xQueueReceive
 .text.prvCopyDataToQueue
                0x000023ac       0xd6 ./SDK/rtos/FreeRTOS_S32K/Source/queue.o
 .text.prvCopyDataFromQueue
                0x00002482       0x4c ./SDK/rtos/FreeRTOS_S32K/Source/queue.o
 .text.prvUnlockQueue
                0x000024ce       0xc0 ./SDK/rtos/FreeRTOS_S32K/Source/queue.o
 .text.prvIsQueueEmpty
                0x0000258e       0x2c ./SDK/rtos/FreeRTOS_S32K/Source/queue.o
 .text.prvIsQueueFull
                0x000025ba       0x30 ./SDK/rtos/FreeRTOS_S32K/Source/queue.o
 .text.vQueueWaitForMessageRestricted
                0x000025ea       0x66 ./SDK/rtos/FreeRTOS_S32K/Source/queue.o
                0x000025ea                vQueueWaitForMessageRestricted
 .text.vListInitialise
                0x00002650       0x3c ./SDK/rtos/FreeRTOS_S32K/Source/list.o
                0x00002650                vListInitialise
 .text.vListInitialiseItem
                0x0000268c       0x16 ./SDK/rtos/FreeRTOS_S32K/Source/list.o
                0x0000268c                vListInitialiseItem
 .text.vListInsertEnd
                0x000026a2       0x44 ./SDK/rtos/FreeRTOS_S32K/Source/list.o
                0x000026a2                vListInsertEnd
 .text.vListInsert
                0x000026e6       0x6c ./SDK/rtos/FreeRTOS_S32K/Source/list.o
                0x000026e6                vListInsert
 .text.uxListRemove
                0x00002752       0x50 ./SDK/rtos/FreeRTOS_S32K/Source/list.o
                0x00002752                uxListRemove
 .text.UART_AllocateState
                0x000027a2       0x82 ./SDK/platform/pal/src/uart/uart_pal.o
 .text.UART_GetConfigurationUsingLpuart
                0x00002824       0x6c ./SDK/platform/pal/src/uart/uart_pal.o
 .text.UART_Init
                0x00002890       0xc0 ./SDK/platform/pal/src/uart/uart_pal.o
                0x00002890                UART_Init
 .text.UART_SendData
                0x00002950       0x44 ./SDK/platform/pal/src/uart/uart_pal.o
                0x00002950                UART_SendData
 .text.UART_ReceiveData
                0x00002994       0x44 ./SDK/platform/pal/src/uart/uart_pal.o
                0x00002994                UART_ReceiveData
 .text.PINS_GPIO_WritePin
                0x000029d8       0x42 ./SDK/platform/drivers/src/pins/pins_port_hw_access.o
 *fill*         0x00002a1a        0x2 
 .text.PINS_Init
                0x00002a1c      0x1c0 ./SDK/platform/drivers/src/pins/pins_port_hw_access.o
                0x00002a1c                PINS_Init
 .text.PINS_GPIO_WritePin
                0x00002bdc       0x42 ./SDK/platform/drivers/src/pins/pins_driver.o
 .text.PINS_DRV_Init
                0x00002c1e       0x3e ./SDK/platform/drivers/src/pins/pins_driver.o
                0x00002c1e                PINS_DRV_Init
 .text.PINS_DRV_WritePin
                0x00002c5c       0x24 ./SDK/platform/drivers/src/pins/pins_driver.o
                0x00002c5c                PINS_DRV_WritePin
 .text.LPUART0_IrqHandler
                0x00002c80       0x10 ./SDK/platform/drivers/src/lpuart/lpuart_irq.o
                0x00002c80                LPUART0_IrqHandler
 .text.LPUART1_IrqHandler
                0x00002c90       0x10 ./SDK/platform/drivers/src/lpuart/lpuart_irq.o
                0x00002c90                LPUART1_IrqHandler
 .text.LPUART_Init
                0x00002ca0       0x44 ./SDK/platform/drivers/src/lpuart/lpuart_hw_access.o
                0x00002ca0                LPUART_Init
 .text.LPUART_SetBitCountPerChar
                0x00002ce4       0x70 ./SDK/platform/drivers/src/lpuart/lpuart_hw_access.o
                0x00002ce4                LPUART_SetBitCountPerChar
 .text.LPUART_SetParityMode
                0x00002d54       0x48 ./SDK/platform/drivers/src/lpuart/lpuart_hw_access.o
                0x00002d54                LPUART_SetParityMode
 .text.LPUART_Putchar9
                0x00002d9c       0x54 ./SDK/platform/drivers/src/lpuart/lpuart_hw_access.o
                0x00002d9c                LPUART_Putchar9
 .text.LPUART_Putchar10
                0x00002df0       0x84 ./SDK/platform/drivers/src/lpuart/lpuart_hw_access.o
                0x00002df0                LPUART_Putchar10
 .text.LPUART_Getchar9
                0x00002e74       0x3e ./SDK/platform/drivers/src/lpuart/lpuart_hw_access.o
                0x00002e74                LPUART_Getchar9
 .text.LPUART_Getchar10
                0x00002eb2       0x5e ./SDK/platform/drivers/src/lpuart/lpuart_hw_access.o
                0x00002eb2                LPUART_Getchar10
 .text.LPUART_SetIntMode
                0x00002f10       0xec ./SDK/platform/drivers/src/lpuart/lpuart_hw_access.o
                0x00002f10                LPUART_SetIntMode
 .text.LPUART_GetIntMode
                0x00002ffc       0xa6 ./SDK/platform/drivers/src/lpuart/lpuart_hw_access.o
                0x00002ffc                LPUART_GetIntMode
 .text.LPUART_GetStatusFlag
                0x000030a2       0xa6 ./SDK/platform/drivers/src/lpuart/lpuart_hw_access.o
                0x000030a2                LPUART_GetStatusFlag
 .text.LPUART_SetErrorInterrupts
                0x00003148       0x60 ./SDK/platform/drivers/src/lpuart/lpuart_hw_access.o
                0x00003148                LPUART_SetErrorInterrupts
 .text.LPUART_SetTransmitterCmd
                0x000031a8       0x54 ./SDK/platform/drivers/src/lpuart/lpuart_driver.o
 .text.LPUART_SetReceiverCmd
                0x000031fc       0x54 ./SDK/platform/drivers/src/lpuart/lpuart_driver.o
 .text.LPUART_SetBaudRateDivisor
                0x00003250       0x32 ./SDK/platform/drivers/src/lpuart/lpuart_driver.o
 *fill*         0x00003282        0x2 
 .text.LPUART_SetOversamplingRatio
                0x00003284       0x3c ./SDK/platform/drivers/src/lpuart/lpuart_driver.o
 .text.LPUART_EnableBothEdgeSamplingCmd
                0x000032c0       0x1e ./SDK/platform/drivers/src/lpuart/lpuart_driver.o
 *fill*         0x000032de        0x2 
 .text.LPUART_SetStopBitCount
                0x000032e0       0x30 ./SDK/platform/drivers/src/lpuart/lpuart_driver.o
 .text.LPUART_SetTxDmaCmd
                0x00003310       0x38 ./SDK/platform/drivers/src/lpuart/lpuart_driver.o
 .text.LPUART_SetRxDmaCmd
                0x00003348       0x38 ./SDK/platform/drivers/src/lpuart/lpuart_driver.o
 .text.LPUART_Putchar
                0x00003380       0x24 ./SDK/platform/drivers/src/lpuart/lpuart_driver.o
 .text.LPUART_Getchar
                0x000033a4       0x1c ./SDK/platform/drivers/src/lpuart/lpuart_driver.o
 .text.LPUART_DRV_ClearErrorFlags
                0x000033c0       0x2c ./SDK/platform/drivers/src/lpuart/lpuart_driver.o
 .text.LPUART_DRV_Init
                0x000033ec      0x174 ./SDK/platform/drivers/src/lpuart/lpuart_driver.o
                0x000033ec                LPUART_DRV_Init
 .text.LPUART_DRV_InstallRxCallback
                0x00003560       0x38 ./SDK/platform/drivers/src/lpuart/lpuart_driver.o
                0x00003560                LPUART_DRV_InstallRxCallback
 .text.LPUART_DRV_InstallTxCallback
                0x00003598       0x38 ./SDK/platform/drivers/src/lpuart/lpuart_driver.o
                0x00003598                LPUART_DRV_InstallTxCallback
 .text.LPUART_DRV_SendData
                0x000035d0       0x6c ./SDK/platform/drivers/src/lpuart/lpuart_driver.o
                0x000035d0                LPUART_DRV_SendData
 .text.LPUART_DRV_ReceiveData
                0x0000363c       0x6c ./SDK/platform/drivers/src/lpuart/lpuart_driver.o
                0x0000363c                LPUART_DRV_ReceiveData
 .text.LPUART_DRV_SetBaudRate
                0x000036a8      0x180 ./SDK/platform/drivers/src/lpuart/lpuart_driver.o
                0x000036a8                LPUART_DRV_SetBaudRate
 .text.LPUART_DRV_IRQHandler
                0x00003828       0xb8 ./SDK/platform/drivers/src/lpuart/lpuart_driver.o
                0x00003828                LPUART_DRV_IRQHandler
 .text.LPUART_DRV_RxIrqHandler
                0x000038e0       0xbc ./SDK/platform/drivers/src/lpuart/lpuart_driver.o
 .text.LPUART_DRV_TxEmptyIrqHandler
                0x0000399c       0xb8 ./SDK/platform/drivers/src/lpuart/lpuart_driver.o
 .text.LPUART_DRV_TxCompleteIrqHandler
                0x00003a54       0x5c ./SDK/platform/drivers/src/lpuart/lpuart_driver.o
 .text.LPUART_DRV_ErrIrqHandler
                0x00003ab0      0x1a8 ./SDK/platform/drivers/src/lpuart/lpuart_driver.o
 .text.LPUART_DRV_StartSendDataUsingInt
                0x00003c58       0x74 ./SDK/platform/drivers/src/lpuart/lpuart_driver.o
 .text.LPUART_DRV_StartSendDataUsingDma
                0x00003ccc       0xb4 ./SDK/platform/drivers/src/lpuart/lpuart_driver.o
 .text.LPUART_DRV_CompleteSendDataUsingInt
                0x00003d80       0x84 ./SDK/platform/drivers/src/lpuart/lpuart_driver.o
 .text.LPUART_DRV_TxDmaCallback
                0x00003e04       0xd0 ./SDK/platform/drivers/src/lpuart/lpuart_driver.o
 .text.LPUART_DRV_StartReceiveDataUsingInt
                0x00003ed4       0x7c ./SDK/platform/drivers/src/lpuart/lpuart_driver.o
 .text.LPUART_DRV_StartReceiveDataUsingDma
                0x00003f50       0xc0 ./SDK/platform/drivers/src/lpuart/lpuart_driver.o
 .text.LPUART_DRV_CompleteReceiveDataUsingInt
                0x00004010       0x90 ./SDK/platform/drivers/src/lpuart/lpuart_driver.o
 .text.LPUART_DRV_RxDmaCallback
                0x000040a0       0xf8 ./SDK/platform/drivers/src/lpuart/lpuart_driver.o
 .text.LPUART_DRV_PutData
                0x00004198       0xc4 ./SDK/platform/drivers/src/lpuart/lpuart_driver.o
 .text.LPUART_DRV_GetData
                0x0000425c       0xb4 ./SDK/platform/drivers/src/lpuart/lpuart_driver.o
 .text.LPUART_DRV_StopTxDma
                0x00004310       0x88 ./SDK/platform/drivers/src/lpuart/lpuart_driver.o
 .text.LPUART_DRV_StopRxDma
                0x00004398       0x94 ./SDK/platform/drivers/src/lpuart/lpuart_driver.o
 .text.INT_SYS_InstallHandler
                0x0000442c       0x54 ./SDK/platform/drivers/src/interrupt/interrupt_manager.o
                0x0000442c                INT_SYS_InstallHandler
 .text.INT_SYS_EnableIRQ
                0x00004480       0x38 ./SDK/platform/drivers/src/interrupt/interrupt_manager.o
                0x00004480                INT_SYS_EnableIRQ
 .text.INT_SYS_EnableIRQGlobal
                0x000044b8       0x2c ./SDK/platform/drivers/src/interrupt/interrupt_manager.o
                0x000044b8                INT_SYS_EnableIRQGlobal
 .text.INT_SYS_DisableIRQGlobal
                0x000044e4       0x1c ./SDK/platform/drivers/src/interrupt/interrupt_manager.o
                0x000044e4                INT_SYS_DisableIRQGlobal
 .text.EDMA_GetErrorIntStatusFlag
                0x00004500       0x14 ./SDK/platform/drivers/src/edma/edma_irq.o
 .text.DMA0_IRQHandler
                0x00004514       0x10 ./SDK/platform/drivers/src/edma/edma_irq.o
                0x00004514                DMA0_IRQHandler
 .text.DMA1_IRQHandler
                0x00004524       0x10 ./SDK/platform/drivers/src/edma/edma_irq.o
                0x00004524                DMA1_IRQHandler
 .text.DMA2_IRQHandler
                0x00004534       0x10 ./SDK/platform/drivers/src/edma/edma_irq.o
                0x00004534                DMA2_IRQHandler
 .text.DMA3_IRQHandler
                0x00004544       0x10 ./SDK/platform/drivers/src/edma/edma_irq.o
                0x00004544                DMA3_IRQHandler
 .text.DMA_Error_IRQHandler
                0x00004554       0x68 ./SDK/platform/drivers/src/edma/edma_irq.o
                0x00004554                DMA_Error_IRQHandler
 .text.EDMA_SetDmaRequestCmd
                0x000045bc       0x3a ./SDK/platform/drivers/src/edma/edma_hw_access.o
                0x000045bc                EDMA_SetDmaRequestCmd
 *fill*         0x000045f6        0x2 
 .text.EDMA_TCDClearReg
                0x000045f8       0xf8 ./SDK/platform/drivers/src/edma/edma_hw_access.o
                0x000045f8                EDMA_TCDClearReg
 .text.EDMA_TCDSetAttribute
                0x000046f0       0x94 ./SDK/platform/drivers/src/edma/edma_hw_access.o
                0x000046f0                EDMA_TCDSetAttribute
 .text.EDMA_TCDSetNbytes
                0x00004784       0xe4 ./SDK/platform/drivers/src/edma/edma_hw_access.o
                0x00004784                EDMA_TCDSetNbytes
 .text.EDMA_TCDSetMajorCount
                0x00004868      0x1c0 ./SDK/platform/drivers/src/edma/edma_hw_access.o
                0x00004868                EDMA_TCDSetMajorCount
 .text.EDMA_SetMinorLoopMappingCmd
                0x00004a28       0x3e ./SDK/platform/drivers/src/edma/edma_driver.o
 .text.EDMA_ClearErrorIntStatusFlag
                0x00004a66       0x1e ./SDK/platform/drivers/src/edma/edma_driver.o
 .text.EDMA_ClearDoneStatusFlag
                0x00004a84       0x1e ./SDK/platform/drivers/src/edma/edma_driver.o
 .text.EDMA_ClearIntStatusFlag
                0x00004aa2       0x1e ./SDK/platform/drivers/src/edma/edma_driver.o
 .text.EDMA_TCDSetEngineStall
                0x00004ac0       0x78 ./SDK/platform/drivers/src/edma/edma_driver.o
 .text.EDMA_TCDSetSrcAddr
                0x00004b38       0x2a ./SDK/platform/drivers/src/edma/edma_driver.o
 .text.EDMA_TCDSetSrcOffset
                0x00004b62       0x36 ./SDK/platform/drivers/src/edma/edma_driver.o
 .text.EDMA_TCDSetDestAddr
                0x00004b98       0x34 ./SDK/platform/drivers/src/edma/edma_driver.o
 .text.EDMA_TCDSetDestOffset
                0x00004bcc       0x3c ./SDK/platform/drivers/src/edma/edma_driver.o
 .text.EDMA_TCDSetDisableDmaRequestAfterTCDDoneCmd
                0x00004c08       0x80 ./SDK/platform/drivers/src/edma/edma_driver.o
 .text.EDMA_TCDSetMajorCompleteIntCmd
                0x00004c88       0x80 ./SDK/platform/drivers/src/edma/edma_driver.o
 .text.EDMA_DRV_InstallCallback
                0x00004d08       0x44 ./SDK/platform/drivers/src/edma/edma_driver.o
                0x00004d08                EDMA_DRV_InstallCallback
 .text.EDMA_DRV_ClearIntStatus
                0x00004d4c       0x58 ./SDK/platform/drivers/src/edma/edma_driver.o
 .text.EDMA_DRV_IRQHandler
                0x00004da4       0x50 ./SDK/platform/drivers/src/edma/edma_driver.o
                0x00004da4                EDMA_DRV_IRQHandler
 .text.EDMA_DRV_ErrorIRQHandler
                0x00004df4       0x98 ./SDK/platform/drivers/src/edma/edma_driver.o
                0x00004df4                EDMA_DRV_ErrorIRQHandler
 .text.EDMA_DRV_ConfigSingleBlockTransfer
                0x00004e8c      0x204 ./SDK/platform/drivers/src/edma/edma_driver.o
                0x00004e8c                EDMA_DRV_ConfigSingleBlockTransfer
 .text.EDMA_DRV_ConfigMultiBlockTransfer
                0x00005090       0xb0 ./SDK/platform/drivers/src/edma/edma_driver.o
                0x00005090                EDMA_DRV_ConfigMultiBlockTransfer
 .text.EDMA_DRV_StartChannel
                0x00005140       0x48 ./SDK/platform/drivers/src/edma/edma_driver.o
                0x00005140                EDMA_DRV_StartChannel
 .text.EDMA_DRV_StopChannel
                0x00005188       0x48 ./SDK/platform/drivers/src/edma/edma_driver.o
                0x00005188                EDMA_DRV_StopChannel
 .text.EDMA_DRV_SetSrcAddr
                0x000051d0       0x48 ./SDK/platform/drivers/src/edma/edma_driver.o
                0x000051d0                EDMA_DRV_SetSrcAddr
 .text.EDMA_DRV_SetDestAddr
                0x00005218       0x48 ./SDK/platform/drivers/src/edma/edma_driver.o
                0x00005218                EDMA_DRV_SetDestAddr
 .text.EDMA_DRV_SetMajorLoopIterationCount
                0x00005260       0x48 ./SDK/platform/drivers/src/edma/edma_driver.o
                0x00005260                EDMA_DRV_SetMajorLoopIterationCount
 .text.EDMA_DRV_GetDmaRegBaseAddr
                0x000052a8       0x18 ./SDK/platform/drivers/src/edma/edma_driver.o
                0x000052a8                EDMA_DRV_GetDmaRegBaseAddr
 .text.SIM_GetRtcClkSrc
                0x000052c0       0x1a ./SDK/platform/drivers/src/clock/S32K1xx/clock_S32K1xx.o
 .text.SIM_SetLpoClocks
                0x000052da       0x82 ./SDK/platform/drivers/src/clock/S32K1xx/clock_S32K1xx.o
 .text.SIM_SetEimClockGate
                0x0000535c       0x3e ./SDK/platform/drivers/src/clock/S32K1xx/clock_S32K1xx.o
 .text.SIM_GetEimClockGate
                0x0000539a       0x28 ./SDK/platform/drivers/src/clock/S32K1xx/clock_S32K1xx.o
 .text.SIM_SetErmClockGate
                0x000053c2       0x3e ./SDK/platform/drivers/src/clock/S32K1xx/clock_S32K1xx.o
 .text.SIM_GetErmClockGate
                0x00005400       0x28 ./SDK/platform/drivers/src/clock/S32K1xx/clock_S32K1xx.o
 .text.SIM_SetDmaClockGate
                0x00005428       0x3e ./SDK/platform/drivers/src/clock/S32K1xx/clock_S32K1xx.o
 .text.SIM_GetDmaClockGate
                0x00005466       0x28 ./SDK/platform/drivers/src/clock/S32K1xx/clock_S32K1xx.o
 .text.SIM_SetMpuClockGate
                0x0000548e       0x3e ./SDK/platform/drivers/src/clock/S32K1xx/clock_S32K1xx.o
 .text.SIM_GetMpuClockGate
                0x000054cc       0x28 ./SDK/platform/drivers/src/clock/S32K1xx/clock_S32K1xx.o
 .text.SIM_SetMscmClockGate
                0x000054f4       0x3e ./SDK/platform/drivers/src/clock/S32K1xx/clock_S32K1xx.o
 .text.SIM_GetMscmClockGate
                0x00005532       0x26 ./SDK/platform/drivers/src/clock/S32K1xx/clock_S32K1xx.o
 .text.SIM_GetFtm0ExternalClkPinMode
                0x00005558       0x1a ./SDK/platform/drivers/src/clock/S32K1xx/clock_S32K1xx.o
 .text.SIM_GetFtm1ExternalClkPinMode
                0x00005572       0x1a ./SDK/platform/drivers/src/clock/S32K1xx/clock_S32K1xx.o
 .text.SIM_GetLpo32KStatus
                0x0000558c       0x1e ./SDK/platform/drivers/src/clock/S32K1xx/clock_S32K1xx.o
 .text.SIM_GetLpo1KStatus
                0x000055aa       0x1e ./SDK/platform/drivers/src/clock/S32K1xx/clock_S32K1xx.o
 .text.SIM_GetLpoClkSelectorValue
                0x000055c8       0x1a ./SDK/platform/drivers/src/clock/S32K1xx/clock_S32K1xx.o
 .text.SIM_GetClockoutStatus
                0x000055e2       0x20 ./SDK/platform/drivers/src/clock/S32K1xx/clock_S32K1xx.o
 .text.SIM_GetClockoutDividerValue
                0x00005602       0x1a ./SDK/platform/drivers/src/clock/S32K1xx/clock_S32K1xx.o
 .text.SIM_GetClockoutSelectorValue
                0x0000561c       0x1a ./SDK/platform/drivers/src/clock/S32K1xx/clock_S32K1xx.o
 *fill*         0x00005636        0x2 
 .text.SIM_SetClockout
                0x00005638       0x6c ./SDK/platform/drivers/src/clock/S32K1xx/clock_S32K1xx.o
 .text.SIM_SetTraceClockSource
                0x000056a4       0x3c ./SDK/platform/drivers/src/clock/S32K1xx/clock_S32K1xx.o
 .text.SIM_ClearTraceClockConfig
                0x000056e0       0x1a ./SDK/platform/drivers/src/clock/S32K1xx/clock_S32K1xx.o
 .text.SIM_SetTraceClockConfig
                0x000056fa       0x44 ./SDK/platform/drivers/src/clock/S32K1xx/clock_S32K1xx.o
 .text.SCG_GetClockoutSourceSel
                0x0000573e       0x1a ./SDK/platform/drivers/src/clock/S32K1xx/clock_S32K1xx.o
 .text.SCG_GetCurrentSystemClockSource
                0x00005758       0x1a ./SDK/platform/drivers/src/clock/S32K1xx/clock_S32K1xx.o
 .text.SCG_GetCurrentCoreClockDividerRatio
                0x00005772       0x1a ./SDK/platform/drivers/src/clock/S32K1xx/clock_S32K1xx.o
 .text.SCG_GetCurrentBusClockDividerRatio
                0x0000578c       0x1a ./SDK/platform/drivers/src/clock/S32K1xx/clock_S32K1xx.o
 .text.SCG_GetCurrentSlowClockDividerRatio
                0x000057a6       0x18 ./SDK/platform/drivers/src/clock/S32K1xx/clock_S32K1xx.o
 .text.SCG_SetRunClockControl
                0x000057be       0x46 ./SDK/platform/drivers/src/clock/S32K1xx/clock_S32K1xx.o
 .text.SCG_SetVlprClockControl
                0x00005804       0x46 ./SDK/platform/drivers/src/clock/S32K1xx/clock_S32K1xx.o
 .text.SCG_GetFircFirstAsyncDivider
                0x0000584a       0x1c ./SDK/platform/drivers/src/clock/S32K1xx/clock_S32K1xx.o
 .text.SCG_GetFircSecondAsyncDivider
                0x00005866       0x1e ./SDK/platform/drivers/src/clock/S32K1xx/clock_S32K1xx.o
 .text.SCG_SetFircAsyncConfig
                0x00005884       0x32 ./SDK/platform/drivers/src/clock/S32K1xx/clock_S32K1xx.o
 .text.SCG_GetSircFirstAsyncDivider
                0x000058b6       0x1c ./SDK/platform/drivers/src/clock/S32K1xx/clock_S32K1xx.o
 .text.SCG_GetSircSecondAsyncDivider
                0x000058d2       0x1e ./SDK/platform/drivers/src/clock/S32K1xx/clock_S32K1xx.o
 .text.SCG_SetSircAsyncConfig
                0x000058f0       0x32 ./SDK/platform/drivers/src/clock/S32K1xx/clock_S32K1xx.o
 .text.SCG_GetSoscFirstAsyncDivider
                0x00005922       0x1c ./SDK/platform/drivers/src/clock/S32K1xx/clock_S32K1xx.o
 .text.SCG_GetSoscSecondAsyncDivider
                0x0000593e       0x1e ./SDK/platform/drivers/src/clock/S32K1xx/clock_S32K1xx.o
 .text.SCG_SetSoscAsyncConfig
                0x0000595c       0x32 ./SDK/platform/drivers/src/clock/S32K1xx/clock_S32K1xx.o
 *fill*         0x0000598e        0x2 
 .text.SCG_SetClockoutSourceSel
                0x00005990       0x3c ./SDK/platform/drivers/src/clock/S32K1xx/clock_S32K1xx.o
 .text.SCG_GetSircSystemClockMode
                0x000059cc       0x2c ./SDK/platform/drivers/src/clock/S32K1xx/clock_S32K1xx.o
 .text.SCG_GetSircStatus
                0x000059f8       0x24 ./SDK/platform/drivers/src/clock/S32K1xx/clock_S32K1xx.o
 .text.SCG_GetSircRange
                0x00005a1c       0x1c ./SDK/platform/drivers/src/clock/S32K1xx/clock_S32K1xx.o
 .text.SCG_ClearSircLock
                0x00005a38       0x2c ./SDK/platform/drivers/src/clock/S32K1xx/clock_S32K1xx.o
 .text.SCG_ClearSircControl
                0x00005a64       0x1a ./SDK/platform/drivers/src/clock/S32K1xx/clock_S32K1xx.o
 .text.SCG_SetSircConfiguration
                0x00005a7e       0x28 ./SDK/platform/drivers/src/clock/S32K1xx/clock_S32K1xx.o
 .text.SCG_SetSircControl
                0x00005aa6       0x64 ./SDK/platform/drivers/src/clock/S32K1xx/clock_S32K1xx.o
 .text.SCG_GetFircSystemClockMode
                0x00005b0a       0x2c ./SDK/platform/drivers/src/clock/S32K1xx/clock_S32K1xx.o
 .text.SCG_GetFircStatus
                0x00005b36       0x24 ./SDK/platform/drivers/src/clock/S32K1xx/clock_S32K1xx.o
 .text.SCG_GetFircRange
                0x00005b5a       0x1c ./SDK/platform/drivers/src/clock/S32K1xx/clock_S32K1xx.o
 *fill*         0x00005b76        0x2 
 .text.SCG_ClearFircLock
                0x00005b78       0x2c ./SDK/platform/drivers/src/clock/S32K1xx/clock_S32K1xx.o
 .text.SCG_ClearFircControl
                0x00005ba4       0x1c ./SDK/platform/drivers/src/clock/S32K1xx/clock_S32K1xx.o
 .text.SCG_SetFircConfiguration
                0x00005bc0       0x28 ./SDK/platform/drivers/src/clock/S32K1xx/clock_S32K1xx.o
 .text.SCG_SetFircControl
                0x00005be8       0x4c ./SDK/platform/drivers/src/clock/S32K1xx/clock_S32K1xx.o
 .text.SCG_GetSoscSystemClockMode
                0x00005c34       0x2c ./SDK/platform/drivers/src/clock/S32K1xx/clock_S32K1xx.o
 .text.SCG_GetSoscStatus
                0x00005c60       0x24 ./SDK/platform/drivers/src/clock/S32K1xx/clock_S32K1xx.o
 .text.SCG_ClearSoscLock
                0x00005c84       0x2c ./SDK/platform/drivers/src/clock/S32K1xx/clock_S32K1xx.o
 .text.SCG_ClearSoscControl
                0x00005cb0       0x1c ./SDK/platform/drivers/src/clock/S32K1xx/clock_S32K1xx.o
 .text.SCG_SetSoscConfiguration
                0x00005ccc       0x3c ./SDK/platform/drivers/src/clock/S32K1xx/clock_S32K1xx.o
 .text.SCG_SetSoscControl
                0x00005d08       0x6c ./SDK/platform/drivers/src/clock/S32K1xx/clock_S32K1xx.o
 .text.PCC_SetPeripheralClockControl
                0x00005d74       0x74 ./SDK/platform/drivers/src/clock/S32K1xx/clock_S32K1xx.o
 .text.PCC_SetClockMode
                0x00005de8       0x88 ./SDK/platform/drivers/src/clock/S32K1xx/clock_S32K1xx.o
 .text.PCC_GetClockMode
                0x00005e70       0x40 ./SDK/platform/drivers/src/clock/S32K1xx/clock_S32K1xx.o
 .text.PCC_GetClockSourceSel
                0x00005eb0       0x34 ./SDK/platform/drivers/src/clock/S32K1xx/clock_S32K1xx.o
 .text.PCC_GetFracValueSel
                0x00005ee4       0x34 ./SDK/platform/drivers/src/clock/S32K1xx/clock_S32K1xx.o
 .text.PCC_GetDividerSel
                0x00005f18       0x30 ./SDK/platform/drivers/src/clock/S32K1xx/clock_S32K1xx.o
 .text.PMC_SetLpoMode
                0x00005f48       0x56 ./SDK/platform/drivers/src/clock/S32K1xx/clock_S32K1xx.o
 .text.PMC_GetLpoMode
                0x00005f9e       0x34 ./SDK/platform/drivers/src/clock/S32K1xx/clock_S32K1xx.o
 .text.PMC_SetLpoTrimValue
                0x00005fd2       0x98 ./SDK/platform/drivers/src/clock/S32K1xx/clock_S32K1xx.o
 .text.SMC_GetCurrentRunningMode
                0x0000606a       0x18 ./SDK/platform/drivers/src/clock/S32K1xx/clock_S32K1xx.o
 .text.CLOCK_DRV_Init
                0x00006082       0x80 ./SDK/platform/drivers/src/clock/S32K1xx/clock_S32K1xx.o
                0x00006082                CLOCK_DRV_Init
 *fill*         0x00006102        0x2 
 .text.CLOCK_SYS_SetScgConfiguration
                0x00006104       0xc8 ./SDK/platform/drivers/src/clock/S32K1xx/clock_S32K1xx.o
 .text.CLOCK_SYS_SetPccConfiguration
                0x000061cc       0xb8 ./SDK/platform/drivers/src/clock/S32K1xx/clock_S32K1xx.o
 .text.CLOCK_SYS_SetSimConfiguration
                0x00006284      0x154 ./SDK/platform/drivers/src/clock/S32K1xx/clock_S32K1xx.o
 .text.CLOCK_SYS_SetPmcConfiguration
                0x000063d8       0x3c ./SDK/platform/drivers/src/clock/S32K1xx/clock_S32K1xx.o
 .text.CLOCK_SYS_GetDefaultConfiguration
                0x00006414      0x228 ./SDK/platform/drivers/src/clock/S32K1xx/clock_S32K1xx.o
 .text.CLOCK_SYS_GetScgClockFreq
                0x0000663c      0x10c ./SDK/platform/drivers/src/clock/S32K1xx/clock_S32K1xx.o
 .text.CLOCK_SYS_GetSimClockFreq
                0x00006748      0x204 ./SDK/platform/drivers/src/clock/S32K1xx/clock_S32K1xx.o
 .text.CLOCK_SYS_CheckPCCClock
                0x0000694c       0x90 ./SDK/platform/drivers/src/clock/S32K1xx/clock_S32K1xx.o
 .text.CLOCK_SYS_GetPccClockFreq
                0x000069dc      0x13c ./SDK/platform/drivers/src/clock/S32K1xx/clock_S32K1xx.o
 .text.CLOCK_DRV_GetFreq
                0x00006b18       0x84 ./SDK/platform/drivers/src/clock/S32K1xx/clock_S32K1xx.o
                0x00006b18                CLOCK_DRV_GetFreq
 .text.CLOCK_SYS_GetPeripheralClock
                0x00006b9c       0xd4 ./SDK/platform/drivers/src/clock/S32K1xx/clock_S32K1xx.o
 .text.CLOCK_SYS_GetCurrentRunMode
                0x00006c70       0x50 ./SDK/platform/drivers/src/clock/S32K1xx/clock_S32K1xx.o
 .text.CLOCK_SYS_TransitionSystemClock
                0x00006cc0       0x80 ./SDK/platform/drivers/src/clock/S32K1xx/clock_S32K1xx.o
 .text.CLOCK_SYS_GetSimClkOutFreq
                0x00006d40       0xc8 ./SDK/platform/drivers/src/clock/S32K1xx/clock_S32K1xx.o
 .text.CLOCK_SYS_GetScgClkOutFreq
                0x00006e08       0x60 ./SDK/platform/drivers/src/clock/S32K1xx/clock_S32K1xx.o
 .text.CLOCK_SYS_GetSimRtcClkFreq
                0x00006e68       0x74 ./SDK/platform/drivers/src/clock/S32K1xx/clock_S32K1xx.o
 .text.CLOCK_SYS_ConfigureSIRC
                0x00006edc      0x100 ./SDK/platform/drivers/src/clock/S32K1xx/clock_S32K1xx.o
 .text.CLOCK_SYS_ConfigureFIRC
                0x00006fdc       0xf4 ./SDK/platform/drivers/src/clock/S32K1xx/clock_S32K1xx.o
 .text.CLOCK_SYS_ConfigureSOSC
                0x000070d0      0x160 ./SDK/platform/drivers/src/clock/S32K1xx/clock_S32K1xx.o
 .text.CLOCK_SYS_ConfigureTemporarySystemClock
                0x00007230       0x78 ./SDK/platform/drivers/src/clock/S32K1xx/clock_S32K1xx.o
 .text.CLOCK_SYS_ConfigureModulesFromScg
                0x000072a8      0x1f8 ./SDK/platform/drivers/src/clock/S32K1xx/clock_S32K1xx.o
 .text.CLOCK_SYS_GetSystemClockFreq
                0x000074a0       0xbc ./SDK/platform/drivers/src/clock/S32K1xx/clock_S32K1xx.o
 .text.CLOCK_SYS_GetSrcFreq
                0x0000755c       0x4e ./SDK/platform/drivers/src/clock/S32K1xx/clock_S32K1xx.o
 *fill*         0x000075aa        0x2 
 .text.CLOCK_SYS_SetSystemClockConfig
                0x000075ac      0x19c ./SDK/platform/drivers/src/clock/S32K1xx/clock_S32K1xx.o
 .text.CLOCK_SYS_GetSysAsyncFreq
                0x00007748      0x108 ./SDK/platform/drivers/src/clock/S32K1xx/clock_S32K1xx.o
 .text.CLOCK_SYS_GetSysOscFreq
                0x00007850       0x30 ./SDK/platform/drivers/src/clock/S32K1xx/clock_S32K1xx.o
 .text.CLOCK_SYS_GetSircFreq
                0x00007880       0x38 ./SDK/platform/drivers/src/clock/S32K1xx/clock_S32K1xx.o
 .text.CLOCK_SYS_GetFircFreq
                0x000078b8       0x3c ./SDK/platform/drivers/src/clock/S32K1xx/clock_S32K1xx.o
 .text.CLOCK_SYS_GetLpoFreq
                0x000078f4       0x70 ./SDK/platform/drivers/src/clock/S32K1xx/clock_S32K1xx.o
 .text.CLOCK_SYS_Init
                0x00007964       0x58 ./SDK/platform/drivers/src/clock/S32K1xx/clock_S32K1xx.o
                0x00007964                CLOCK_SYS_Init
 .text.CLOCK_SYS_UpdateConfiguration
                0x000079bc      0x1f8 ./SDK/platform/drivers/src/clock/S32K1xx/clock_S32K1xx.o
                0x000079bc                CLOCK_SYS_UpdateConfiguration
 .text.CLOCK_SYS_GetFreq
                0x00007bb4       0x26 ./SDK/platform/drivers/src/clock/S32K1xx/clock_S32K1xx.o
                0x00007bb4                CLOCK_SYS_GetFreq
 .text.CLOCK_SYS_SetConfiguration
                0x00007bda       0x1a ./SDK/platform/drivers/src/clock/S32K1xx/clock_S32K1xx.o
                0x00007bda                CLOCK_SYS_SetConfiguration
 .text.init_data_bss
                0x00007bf4      0x128 ./SDK/platform/devices/startup.o
                0x00007bf4                init_data_bss
 .text.SystemInit
                0x00007d1c       0x30 ./SDK/platform/devices/S32K116/startup/system_S32K116.o
                0x00007d1c                SystemInit
 .text.memcpy   0x00007d4c       0x12 C:/NXP/S32DS_ARM_v2018.R1/S32DS/arm32_ewl2/lib/thumb/v6-m\libc99.a(memcpy.o)
                0x00007d4c                memcpy
 .text.memset   0x00007d5e        0xc C:/NXP/S32DS_ARM_v2018.R1/S32DS/arm32_ewl2/lib/thumb/v6-m\libc99.a(memset.o)
                0x00007d5e                memset
 .text.strlen   0x00007d6a        0xe C:/NXP/S32DS_ARM_v2018.R1/S32DS/arm32_ewl2/lib/thumb/v6-m\libc99.a(strlen.o)
                0x00007d6a                strlen
 .text.__fill_mem
                0x00007d78       0x88 C:/NXP/S32DS_ARM_v2018.R1/S32DS/arm32_ewl2/lib/thumb/v6-m\libc99.a(__filll_mem.o)
                0x00007d78                __fill_mem
 *(.rodata)
 .rodata        0x00007e00       0x16 ./Sources/rtos.o
 *fill*         0x00007e16        0x2 
 .rodata        0x00007e18        0x8 ./SDK/rtos/FreeRTOS_S32K/Source/timers.o
 .rodata        0x00007e20        0x5 ./SDK/rtos/FreeRTOS_S32K/Source/tasks.o
 *(.rodata*)
 *fill*         0x00007e25        0x3 
 .rodata.prvProcessReceivedCommands
                0x00007e28       0x28 ./SDK/rtos/FreeRTOS_S32K/Source/timers.o
 .rodata.s_lpuartBase
                0x00007e50        0x8 ./SDK/platform/drivers/src/lpuart/lpuart_driver.o
 .rodata.s_lpuartRxTxIrqId
                0x00007e58        0x2 ./SDK/platform/drivers/src/lpuart/lpuart_driver.o
 *fill*         0x00007e5a        0x2 
 .rodata.s_lpuartClkNames
                0x00007e5c        0x2 ./SDK/platform/drivers/src/lpuart/lpuart_driver.o
 *fill*         0x00007e5e        0x2 
 .rodata.clockNameMappings
                0x00007e60       0x8a ./SDK/platform/drivers/src/clock/S32K1xx/clock_S32K1xx.o
                0x00007e60                clockNameMappings
 *fill*         0x00007eea        0x2 
 .rodata.peripheralFeaturesList
                0x00007eec       0x45 ./SDK/platform/drivers/src/clock/S32K1xx/clock_S32K1xx.o
                0x00007eec                peripheralFeaturesList
 *fill*         0x00007f31        0x3 
 .rodata.CLOCK_SYS_GetScgClockFreq
                0x00007f34       0x40 ./SDK/platform/drivers/src/clock/S32K1xx/clock_S32K1xx.o
 .rodata.CLOCK_SYS_GetSimClockFreq
                0x00007f74       0x34 ./SDK/platform/drivers/src/clock/S32K1xx/clock_S32K1xx.o
 .rodata.CLOCK_SYS_GetSimClkOutFreq
                0x00007fa8       0x3c ./SDK/platform/drivers/src/clock/S32K1xx/clock_S32K1xx.o
 .rodata.tmpSysClk.6174
                0x00007fe4        0xc ./SDK/platform/drivers/src/clock/S32K1xx/clock_S32K1xx.o
 .rodata.tmpSysClk.6181
                0x00007ff0        0xc ./SDK/platform/drivers/src/clock/S32K1xx/clock_S32K1xx.o
 .rodata.maxSysClksInRUN.6216
                0x00007ffc       0x54 ./SDK/platform/drivers/src/clock/S32K1xx/clock_S32K1xx.o
 .rodata.maxSysClksInVLPR.6215
                0x00008050       0x54 ./SDK/platform/drivers/src/clock/S32K1xx/clock_S32K1xx.o
 .rodata.fircFreq.6256
                0x000080a4        0x4 ./SDK/platform/drivers/src/clock/S32K1xx/clock_S32K1xx.o
 .rodata.uart_pal1_instance
                0x000080a8        0x8 ./Generated_Code/uart_pal1.o
                0x000080a8                uart_pal1_instance
 .rodata.uart_pal1_Config0
                0x000080b0       0x20 ./Generated_Code/uart_pal1.o
                0x000080b0                uart_pal1_Config0
 *(.init)
 *(.fini)
 *(.eh_frame)
                0x000080d0                . = ALIGN (0x4)

.glue_7         0x000080d0        0x0
 .glue_7        0x000080d0        0x0 linker stubs

.glue_7t        0x000080d0        0x0
 .glue_7t       0x000080d0        0x0 linker stubs

.vfp11_veneer   0x000080d0        0x0
 .vfp11_veneer  0x000080d0        0x0 linker stubs

.v4_bx          0x000080d0        0x0
 .v4_bx         0x000080d0        0x0 linker stubs

.iplt           0x000080d0        0x0
 .iplt          0x000080d0        0x0 C:/NXP/S32DS_ARM_v2018.R1/S32DS/arm32_ewl2/lib/thumb/v6-m/__arm_start.o

.rel.dyn        0x000080d0        0x0
 .rel.iplt      0x000080d0        0x0 C:/NXP/S32DS_ARM_v2018.R1/S32DS/arm32_ewl2/lib/thumb/v6-m/__arm_start.o

.ARM            0x000080d0        0x0
                0x000080d0                __exidx_start = .
 *(.ARM.exidx*)
                0x000080d0                __exidx_end = .
                0x000080d0                __etext = .
                0x000080d0                __DATA_ROM = .

.interrupts_ram
                0x20000000       0xc0
                0x20000000                . = ALIGN (0x4)
                0x20000000                __VECTOR_RAM__ = .
                0x20000000                __RAM_START = .
                0x20000000                __interrupts_ram_start__ = .
 *(.m_interrupts_ram)
                0x200000c0                . = (. + M_VECTOR_RAM_SIZE)
 *fill*         0x20000000       0xc0 
                0x200000c0                . = ALIGN (0x4)
                0x200000c0                __interrupts_ram_end__ = .
                0x20000000                __VECTOR_RAM = DEFINED (__flash_vector_table__)?ORIGIN (m_interrupts):__VECTOR_RAM__
                0x000000c0                __RAM_VECTOR_TABLE_SIZE = DEFINED (__flash_vector_table__)?0x0:(__interrupts_ram_end__ - __interrupts_ram_start__)

.data           0x200000c0      0x1d4 load address 0x000080d0
                0x200000c0                . = ALIGN (0x4)
                0x200000c0                __DATA_RAM = .
                0x200000c0                __data_start__ = .
 *(.data)
 *(.data*)
 .data.xFreeBytesRemaining
                0x200000c0        0x4 ./SDK/rtos/FreeRTOS_S32K/Source/portable/MemMang/heap_2.o
 .data.uxCriticalNesting
                0x200000c4        0x4 ./SDK/rtos/FreeRTOS_S32K/Source/portable/GCC/ARM_CM0/port.o
 .data.g_lpuartIsr
                0x200000c8        0x8 ./SDK/platform/drivers/src/lpuart/lpuart_irq.o
                0x200000c8                g_lpuartIsr
 .data.peripheralClockConfig.6007
                0x200000d0       0x6e ./SDK/platform/drivers/src/clock/S32K1xx/clock_S32K1xx.o
 *fill*         0x2000013e        0x2 
 .data.g_pin_mux_InitConfigArr
                0x20000140       0xa8 ./Generated_Code/pin_mux.o
                0x20000140                g_pin_mux_InitConfigArr
 .data.peripheralClockConfig0
                0x200001e8       0x2d ./Generated_Code/clockMan1.o
                0x200001e8                peripheralClockConfig0
 *fill*         0x20000215        0x3 
 .data.clockMan1_InitConfig0
                0x20000218       0x78 ./Generated_Code/clockMan1.o
                0x20000218                clockMan1_InitConfig0
 .data.g_clockManConfigsArr
                0x20000290        0x4 ./Generated_Code/clockMan1.o
                0x20000290                g_clockManConfigsArr
                0x20000294                . = ALIGN (0x4)
                0x20000294                __data_end__ = .
                0x000082a4                __DATA_END = (__DATA_ROM + (__data_end__ - __data_start__))
                0x000082a4                __CODE_ROM = __DATA_END

.igot.plt       0x20000294        0x0 load address 0x000082a4
 .igot.plt      0x20000294        0x0 C:/NXP/S32DS_ARM_v2018.R1/S32DS/arm32_ewl2/lib/thumb/v6-m/__arm_start.o

.code           0x20000294        0x0 load address 0x000082a4
                0x20000294                . = ALIGN (0x4)
                0x20000294                __CODE_RAM = .
                0x20000294                __code_start__ = .
                0x20000294                __code_ram_start__ = .
 *(.code_ram)
                0x20000294                . = ALIGN (0x4)
                0x20000294                __code_end__ = .
                0x20000294                __code_ram_end__ = .
                0x000082a4                __CODE_END = (__CODE_ROM + (__code_end__ - __code_start__))
                0x000082a4                __CUSTOM_ROM = __CODE_END

.customSectionBlock
                0x1ffffc00        0x0 load address 0x000082a4
                0x1ffffc00                __customSectionStart = .
                0x1ffffc00                __customSection_start__ = .
 *(.customSection)
                0x1ffffc00                __customSection_end__ = .
                0x000082a4                __CUSTOM_END = (__CUSTOM_ROM + (__customSection_end__ - __customSection_start__))

.bss            0x200020c0     0x1210
                0x200020c0                . = ALIGN (0x4)
                0x200020c0                __BSS_START = .
                0x200020c0                __bss_start__ = .
 *(.bss)
 *(.bss*)
 .bss.u8Flag    0x200020c0        0x1 ./Sources/uart.o
                0x200020c0                u8Flag
 *fill*         0x200020c1        0x3 
 .bss.exit_code
                0x200020c4        0x4 ./Sources/main.o
                0x200020c4                exit_code
 .bss.ucHeap    0x200020c8     0x1000 ./SDK/rtos/FreeRTOS_S32K/Source/portable/MemMang/heap_2.o
 .bss.xStart    0x200030c8        0x8 ./SDK/rtos/FreeRTOS_S32K/Source/portable/MemMang/heap_2.o
 .bss.xEnd      0x200030d0        0x8 ./SDK/rtos/FreeRTOS_S32K/Source/portable/MemMang/heap_2.o
 .bss.xHeapHasBeenInitialised.4646
                0x200030d8        0x4 ./SDK/rtos/FreeRTOS_S32K/Source/portable/MemMang/heap_2.o
 .bss.xActiveTimerList1
                0x200030dc       0x14 ./SDK/rtos/FreeRTOS_S32K/Source/timers.o
 .bss.xActiveTimerList2
                0x200030f0       0x14 ./SDK/rtos/FreeRTOS_S32K/Source/timers.o
 .bss.pxCurrentTimerList
                0x20003104        0x4 ./SDK/rtos/FreeRTOS_S32K/Source/timers.o
 .bss.pxOverflowTimerList
                0x20003108        0x4 ./SDK/rtos/FreeRTOS_S32K/Source/timers.o
 .bss.xTimerQueue
                0x2000310c        0x4 ./SDK/rtos/FreeRTOS_S32K/Source/timers.o
 .bss.xTimerTaskHandle
                0x20003110        0x4 ./SDK/rtos/FreeRTOS_S32K/Source/timers.o
 .bss.xLastTime.4928
                0x20003114        0x4 ./SDK/rtos/FreeRTOS_S32K/Source/timers.o
 .bss.pxCurrentTCB
                0x20003118        0x4 ./SDK/rtos/FreeRTOS_S32K/Source/tasks.o
                0x20003118                pxCurrentTCB
 .bss.pxReadyTasksLists
                0x2000311c       0xa0 ./SDK/rtos/FreeRTOS_S32K/Source/tasks.o
 .bss.xDelayedTaskList1
                0x200031bc       0x14 ./SDK/rtos/FreeRTOS_S32K/Source/tasks.o
 .bss.xDelayedTaskList2
                0x200031d0       0x14 ./SDK/rtos/FreeRTOS_S32K/Source/tasks.o
 .bss.pxDelayedTaskList
                0x200031e4        0x4 ./SDK/rtos/FreeRTOS_S32K/Source/tasks.o
 .bss.pxOverflowDelayedTaskList
                0x200031e8        0x4 ./SDK/rtos/FreeRTOS_S32K/Source/tasks.o
 .bss.xPendingReadyList
                0x200031ec       0x14 ./SDK/rtos/FreeRTOS_S32K/Source/tasks.o
 .bss.xTasksWaitingTermination
                0x20003200       0x14 ./SDK/rtos/FreeRTOS_S32K/Source/tasks.o
 .bss.uxDeletedTasksWaitingCleanUp
                0x20003214        0x4 ./SDK/rtos/FreeRTOS_S32K/Source/tasks.o
 .bss.xSuspendedTaskList
                0x20003218       0x14 ./SDK/rtos/FreeRTOS_S32K/Source/tasks.o
 .bss.uxCurrentNumberOfTasks
                0x2000322c        0x4 ./SDK/rtos/FreeRTOS_S32K/Source/tasks.o
 .bss.xTickCount
                0x20003230        0x4 ./SDK/rtos/FreeRTOS_S32K/Source/tasks.o
 .bss.uxTopReadyPriority
                0x20003234        0x4 ./SDK/rtos/FreeRTOS_S32K/Source/tasks.o
 .bss.xSchedulerRunning
                0x20003238        0x4 ./SDK/rtos/FreeRTOS_S32K/Source/tasks.o
 .bss.uxPendedTicks
                0x2000323c        0x4 ./SDK/rtos/FreeRTOS_S32K/Source/tasks.o
 .bss.xYieldPending
                0x20003240        0x4 ./SDK/rtos/FreeRTOS_S32K/Source/tasks.o
 .bss.xNumOfOverflows
                0x20003244        0x4 ./SDK/rtos/FreeRTOS_S32K/Source/tasks.o
 .bss.uxTaskNumber
                0x20003248        0x4 ./SDK/rtos/FreeRTOS_S32K/Source/tasks.o
 .bss.xNextTaskUnblockTime
                0x2000324c        0x4 ./SDK/rtos/FreeRTOS_S32K/Source/tasks.o
 .bss.xIdleTaskHandle
                0x20003250        0x4 ./SDK/rtos/FreeRTOS_S32K/Source/tasks.o
 .bss.uxSchedulerSuspended
                0x20003254        0x4 ./SDK/rtos/FreeRTOS_S32K/Source/tasks.o
 .bss.s_lpuartState
                0x20003258       0x38 ./SDK/platform/pal/src/uart/uart_pal.o
 .bss.s_lpuartStateInstanceMapping
                0x20003290        0x1 ./SDK/platform/pal/src/uart/uart_pal.o
 *fill*         0x20003291        0x3 
 .bss.s_lpuartStateIsAllocated
                0x20003294        0x1 ./SDK/platform/pal/src/uart/uart_pal.o
 *fill*         0x20003295        0x3 
 .bss.s_lpuartStatePtr
                0x20003298        0x8 ./SDK/platform/drivers/src/lpuart/lpuart_driver.o
 .bss.g_interruptDisableCount
                0x200032a0        0x4 ./SDK/platform/drivers/src/interrupt/interrupt_manager.o
 .bss.s_virtEdmaState
                0x200032a4        0x4 ./SDK/platform/drivers/src/edma/edma_driver.o
 .bss.g_clockState
                0x200032a8       0x10 ./SDK/platform/drivers/src/clock/S32K1xx/clock_S32K1xx.o
 .bss.g_clockManCallbacksArr
                0x200032b8        0x4 ./Generated_Code/clockMan1.o
                0x200032b8                g_clockManCallbacksArr
 *(COMMON)
 COMMON         0x200032bc       0x14 ./SDK/platform/drivers/src/clock/S32K1xx/clock_S32K1xx.o
                0x200032bc                g_xtal0ClkFreq
                0x200032c0                g_RtcClkInFreq
                0x200032c4                g_TClkFreq
                0x200032d0                . = ALIGN (0x4)
                0x200032d0                __bss_end__ = .
                0x200032d0                __BSS_END = .

.heap           0x200032d0      0x200
                0x200032d0                . = ALIGN (0x8)
                0x200032d0                __end__ = .
                0x200032d0                __heap_start__ = .
                [!provide]                PROVIDE (end, .)
                [!provide]                PROVIDE (_end, .)
                [!provide]                PROVIDE (__end, .)
                0x200032d0                __HeapBase = .
                0x200034d0                . = (. + HEAP_SIZE)
 *fill*         0x200032d0      0x200 
                0x200034d0                __HeapLimit = .
                0x200034d0                __heap_limit = .
                0x200034d0                __heap_end__ = .
                0x20003800                __StackTop = (ORIGIN (m_data_2) + LENGTH (m_data_2))
                0x20003600                __StackLimit = (__StackTop - STACK_SIZE)
                [!provide]                PROVIDE (__stack, __StackTop)
                0x20003800                __RAM_END = __StackTop

.stack          0x20003600      0x200
                0x20003600                . = ALIGN (0x8)
                0x20003600                __stack_start__ = .
                0x20003800                . = (. + STACK_SIZE)
 *fill*         0x20003600      0x200 
                0x20003800                __stack_end__ = .

.ARM.attributes
                0x00000000       0x2f
 *(.ARM.attributes)
 .ARM.attributes
                0x00000000       0x32 ./Sources/uart.o
 .ARM.attributes
                0x00000032       0x32 ./Sources/rtos.o
 .ARM.attributes
                0x00000064       0x32 ./Sources/main.o
 .ARM.attributes
                0x00000096       0x32 ./Sources/led.o
 .ARM.attributes
                0x000000c8       0x32 ./SDK/rtos/osif/osif_freertos.o
 .ARM.attributes
                0x000000fa       0x32 ./SDK/rtos/FreeRTOS_S32K/Source/portable/MemMang/heap_2.o
 .ARM.attributes
                0x0000012c       0x32 ./SDK/rtos/FreeRTOS_S32K/Source/portable/GCC/ARM_CM0/port.o
 .ARM.attributes
                0x0000015e       0x32 ./SDK/rtos/FreeRTOS_S32K/Source/timers.o
 .ARM.attributes
                0x00000190       0x32 ./SDK/rtos/FreeRTOS_S32K/Source/tasks.o
 .ARM.attributes
                0x000001c2       0x32 ./SDK/rtos/FreeRTOS_S32K/Source/queue.o
 .ARM.attributes
                0x000001f4       0x32 ./SDK/rtos/FreeRTOS_S32K/Source/list.o
 .ARM.attributes
                0x00000226       0x32 ./SDK/platform/pal/src/uart/uart_pal.o
 .ARM.attributes
                0x00000258       0x32 ./SDK/platform/drivers/src/pins/pins_port_hw_access.o
 .ARM.attributes
                0x0000028a       0x32 ./SDK/platform/drivers/src/pins/pins_driver.o
 .ARM.attributes
                0x000002bc       0x32 ./SDK/platform/drivers/src/lpuart/lpuart_irq.o
 .ARM.attributes
                0x000002ee       0x32 ./SDK/platform/drivers/src/lpuart/lpuart_hw_access.o
 .ARM.attributes
                0x00000320       0x32 ./SDK/platform/drivers/src/lpuart/lpuart_driver.o
 .ARM.attributes
                0x00000352       0x32 ./SDK/platform/drivers/src/interrupt/interrupt_manager.o
 .ARM.attributes
                0x00000384       0x32 ./SDK/platform/drivers/src/edma/edma_irq.o
 .ARM.attributes
                0x000003b6       0x32 ./SDK/platform/drivers/src/edma/edma_hw_access.o
 .ARM.attributes
                0x000003e8       0x32 ./SDK/platform/drivers/src/edma/edma_driver.o
 .ARM.attributes
                0x0000041a       0x32 ./SDK/platform/drivers/src/clock/S32K1xx/clock_S32K1xx.o
 .ARM.attributes
                0x0000044c       0x32 ./SDK/platform/devices/startup.o
 .ARM.attributes
                0x0000047e       0x32 ./SDK/platform/devices/S32K116/startup/system_S32K116.o
 .ARM.attributes
                0x000004b0       0x1b ./Project_Settings/Startup_Code/startup_S32K116.o
 .ARM.attributes
                0x000004cb       0x32 ./Generated_Code/uart_pal1.o
 .ARM.attributes
                0x000004fd       0x32 ./Generated_Code/pin_mux.o
 .ARM.attributes
                0x0000052f       0x32 ./Generated_Code/clockMan1.o
 .ARM.attributes
                0x00000561       0x31 C:/NXP/S32DS_ARM_v2018.R1/S32DS/arm32_ewl2/lib/thumb/v6-m\libc99.a(memcpy.o)
 .ARM.attributes
                0x00000592       0x31 C:/NXP/S32DS_ARM_v2018.R1/S32DS/arm32_ewl2/lib/thumb/v6-m\libc99.a(memset.o)
 .ARM.attributes
                0x000005c3       0x31 C:/NXP/S32DS_ARM_v2018.R1/S32DS/arm32_ewl2/lib/thumb/v6-m\libc99.a(strlen.o)
 .ARM.attributes
                0x000005f4       0x31 C:/NXP/S32DS_ARM_v2018.R1/S32DS/arm32_ewl2/lib/thumb/v6-m\libc99.a(__filll_mem.o)
 .ARM.attributes
                0x00000625       0x1e c:/nxp/s32ds_arm_v2018.r1/cross_tools/gcc-6.3-arm32-eabi/bin/../lib/gcc/arm-none-eabi/6.3.1/thumb/v6-m\libgcc.a(_udivsi3.o)
 .ARM.attributes
                0x00000643       0x1e c:/nxp/s32ds_arm_v2018.r1/cross_tools/gcc-6.3-arm32-eabi/bin/../lib/gcc/arm-none-eabi/6.3.1/thumb/v6-m\libgcc.a(_dvmd_tls.o)
                0x00000001                ASSERT ((__StackLimit >= __HeapLimit), region m_data_2 overflowed with stack and heap)
OUTPUT(freeRTOS_s32K.elf elf32-littlearm)

.debug_info     0x00000000    0x191a6
 .debug_info    0x00000000     0x1a32 ./Sources/uart.o
 .debug_info    0x00001a32     0x19b2 ./Sources/rtos.o
 .debug_info    0x000033e4     0x19b0 ./Sources/main.o
 .debug_info    0x00004d94      0x4b1 ./Sources/led.o
 .debug_info    0x00005245      0x824 ./SDK/rtos/osif/osif_freertos.o
 .debug_info    0x00005a69      0x2c9 ./SDK/rtos/FreeRTOS_S32K/Source/portable/MemMang/heap_2.o
 .debug_info    0x00005d32      0x252 ./SDK/rtos/FreeRTOS_S32K/Source/portable/GCC/ARM_CM0/port.o
 .debug_info    0x00005f84      0xaba ./SDK/rtos/FreeRTOS_S32K/Source/timers.o
 .debug_info    0x00006a3e     0x1599 ./SDK/rtos/FreeRTOS_S32K/Source/tasks.o
 .debug_info    0x00007fd7      0xe1c ./SDK/rtos/FreeRTOS_S32K/Source/queue.o
 .debug_info    0x00008df3      0x2b0 ./SDK/rtos/FreeRTOS_S32K/Source/list.o
 .debug_info    0x000090a3      0xd61 ./SDK/platform/pal/src/uart/uart_pal.o
 .debug_info    0x00009e04      0x5e8 ./SDK/platform/drivers/src/pins/pins_port_hw_access.o
 .debug_info    0x0000a3ec     0x106a ./SDK/platform/drivers/src/pins/pins_driver.o
 .debug_info    0x0000b456       0xd3 ./SDK/platform/drivers/src/lpuart/lpuart_irq.o
 .debug_info    0x0000b529      0x8bc ./SDK/platform/drivers/src/lpuart/lpuart_hw_access.o
 .debug_info    0x0000bde5     0x1be6 ./SDK/platform/drivers/src/lpuart/lpuart_driver.o
 .debug_info    0x0000d9cb      0x68a ./SDK/platform/drivers/src/interrupt/interrupt_manager.o
 .debug_info    0x0000e055      0x44a ./SDK/platform/drivers/src/edma/edma_irq.o
 .debug_info    0x0000e49f      0x905 ./SDK/platform/drivers/src/edma/edma_hw_access.o
 .debug_info    0x0000eda4     0x27bf ./SDK/platform/drivers/src/edma/edma_driver.o
 .debug_info    0x00011563     0x392e ./SDK/platform/drivers/src/clock/S32K1xx/clock_S32K1xx.o
 .debug_info    0x00014e91      0x3be ./SDK/platform/devices/startup.o
 .debug_info    0x0001524f      0x3df ./SDK/platform/devices/S32K116/startup/system_S32K116.o
 .debug_info    0x0001562e       0x26 ./Project_Settings/Startup_Code/startup_S32K116.o
 .debug_info    0x00015654     0x1990 ./Generated_Code/uart_pal1.o
 .debug_info    0x00016fe4      0x3ee ./Generated_Code/pin_mux.o
 .debug_info    0x000173d2     0x19ac ./Generated_Code/clockMan1.o
 .debug_info    0x00018d7e      0x11c C:/NXP/S32DS_ARM_v2018.R1/S32DS/arm32_ewl2/lib/thumb/v6-m\libc99.a(memcpy.o)
 .debug_info    0x00018e9a       0xec C:/NXP/S32DS_ARM_v2018.R1/S32DS/arm32_ewl2/lib/thumb/v6-m\libc99.a(memset.o)
 .debug_info    0x00018f86       0xe9 C:/NXP/S32DS_ARM_v2018.R1/S32DS/arm32_ewl2/lib/thumb/v6-m\libc99.a(strlen.o)
 .debug_info    0x0001906f      0x137 C:/NXP/S32DS_ARM_v2018.R1/S32DS/arm32_ewl2/lib/thumb/v6-m\libc99.a(__filll_mem.o)

.debug_abbrev   0x00000000     0x2c66
 .debug_abbrev  0x00000000      0x1b0 ./Sources/uart.o
 .debug_abbrev  0x000001b0      0x148 ./Sources/rtos.o
 .debug_abbrev  0x000002f8      0x15b ./Sources/main.o
 .debug_abbrev  0x00000453      0x128 ./Sources/led.o
 .debug_abbrev  0x0000057b      0x1a4 ./SDK/rtos/osif/osif_freertos.o
 .debug_abbrev  0x0000071f      0x14b ./SDK/rtos/FreeRTOS_S32K/Source/portable/MemMang/heap_2.o
 .debug_abbrev  0x0000086a      0x193 ./SDK/rtos/FreeRTOS_S32K/Source/portable/GCC/ARM_CM0/port.o
 .debug_abbrev  0x000009fd      0x1d4 ./SDK/rtos/FreeRTOS_S32K/Source/timers.o
 .debug_abbrev  0x00000bd1      0x24e ./SDK/rtos/FreeRTOS_S32K/Source/tasks.o
 .debug_abbrev  0x00000e1f      0x1b3 ./SDK/rtos/FreeRTOS_S32K/Source/queue.o
 .debug_abbrev  0x00000fd2       0xe9 ./SDK/rtos/FreeRTOS_S32K/Source/list.o
 .debug_abbrev  0x000010bb      0x189 ./SDK/platform/pal/src/uart/uart_pal.o
 .debug_abbrev  0x00001244      0x157 ./SDK/platform/drivers/src/pins/pins_port_hw_access.o
 .debug_abbrev  0x0000139b      0x23d ./SDK/platform/drivers/src/pins/pins_driver.o
 .debug_abbrev  0x000015d8       0x92 ./SDK/platform/drivers/src/lpuart/lpuart_irq.o
 .debug_abbrev  0x0000166a      0x182 ./SDK/platform/drivers/src/lpuart/lpuart_hw_access.o
 .debug_abbrev  0x000017ec      0x28d ./SDK/platform/drivers/src/lpuart/lpuart_driver.o
 .debug_abbrev  0x00001a79      0x1a4 ./SDK/platform/drivers/src/interrupt/interrupt_manager.o
 .debug_abbrev  0x00001c1d      0x169 ./SDK/platform/drivers/src/edma/edma_irq.o
 .debug_abbrev  0x00001d86      0x1cc ./SDK/platform/drivers/src/edma/edma_hw_access.o
 .debug_abbrev  0x00001f52      0x2af ./SDK/platform/drivers/src/edma/edma_driver.o
 .debug_abbrev  0x00002201      0x2c4 ./SDK/platform/drivers/src/clock/S32K1xx/clock_S32K1xx.o
 .debug_abbrev  0x000024c5      0x108 ./SDK/platform/devices/startup.o
 .debug_abbrev  0x000025cd      0x13f ./SDK/platform/devices/S32K116/startup/system_S32K116.o
 .debug_abbrev  0x0000270c       0x14 ./Project_Settings/Startup_Code/startup_S32K116.o
 .debug_abbrev  0x00002720      0x139 ./Generated_Code/uart_pal1.o
 .debug_abbrev  0x00002859       0xcd ./Generated_Code/pin_mux.o
 .debug_abbrev  0x00002926      0x146 ./Generated_Code/clockMan1.o
 .debug_abbrev  0x00002a6c       0xa6 C:/NXP/S32DS_ARM_v2018.R1/S32DS/arm32_ewl2/lib/thumb/v6-m\libc99.a(memcpy.o)
 .debug_abbrev  0x00002b12       0x62 C:/NXP/S32DS_ARM_v2018.R1/S32DS/arm32_ewl2/lib/thumb/v6-m\libc99.a(memset.o)
 .debug_abbrev  0x00002b74       0x7a C:/NXP/S32DS_ARM_v2018.R1/S32DS/arm32_ewl2/lib/thumb/v6-m\libc99.a(strlen.o)
 .debug_abbrev  0x00002bee       0x78 C:/NXP/S32DS_ARM_v2018.R1/S32DS/arm32_ewl2/lib/thumb/v6-m\libc99.a(__filll_mem.o)

.debug_aranges  0x00000000     0x12e0
 .debug_aranges
                0x00000000       0x28 ./Sources/uart.o
 .debug_aranges
                0x00000028       0x28 ./Sources/rtos.o
 .debug_aranges
                0x00000050       0x20 ./Sources/main.o
 .debug_aranges
                0x00000070       0x38 ./Sources/led.o
 .debug_aranges
                0x000000a8       0x70 ./SDK/rtos/osif/osif_freertos.o
 .debug_aranges
                0x00000118       0x40 ./SDK/rtos/FreeRTOS_S32K/Source/portable/MemMang/heap_2.o
 .debug_aranges
                0x00000158       0x88 ./SDK/rtos/FreeRTOS_S32K/Source/portable/GCC/ARM_CM0/port.o
 .debug_aranges
                0x000001e0       0xc8 ./SDK/rtos/FreeRTOS_S32K/Source/timers.o
 .debug_aranges
                0x000002a8      0x1d8 ./SDK/rtos/FreeRTOS_S32K/Source/tasks.o
 .debug_aranges
                0x00000480      0x110 ./SDK/rtos/FreeRTOS_S32K/Source/queue.o
 .debug_aranges
                0x00000590       0x40 ./SDK/rtos/FreeRTOS_S32K/Source/list.o
 .debug_aranges
                0x000005d0       0xa8 ./SDK/platform/pal/src/uart/uart_pal.o
 .debug_aranges
                0x00000678       0x40 ./SDK/platform/drivers/src/pins/pins_port_hw_access.o
 .debug_aranges
                0x000006b8      0x168 ./SDK/platform/drivers/src/pins/pins_driver.o
 .debug_aranges
                0x00000820       0x28 ./SDK/platform/drivers/src/lpuart/lpuart_irq.o
 .debug_aranges
                0x00000848       0x78 ./SDK/platform/drivers/src/lpuart/lpuart_hw_access.o
 .debug_aranges
                0x000008c0      0x1a0 ./SDK/platform/drivers/src/lpuart/lpuart_driver.o
 .debug_aranges
                0x00000a60       0x68 ./SDK/platform/drivers/src/interrupt/interrupt_manager.o
 .debug_aranges
                0x00000ac8       0x48 ./SDK/platform/drivers/src/edma/edma_irq.o
 .debug_aranges
                0x00000b10       0x88 ./SDK/platform/drivers/src/edma/edma_hw_access.o
 .debug_aranges
                0x00000b98      0x228 ./SDK/platform/drivers/src/edma/edma_driver.o
 .debug_aranges
                0x00000dc0      0x3e8 ./SDK/platform/drivers/src/clock/S32K1xx/clock_S32K1xx.o
 .debug_aranges
                0x000011a8       0x20 ./SDK/platform/devices/startup.o
 .debug_aranges
                0x000011c8       0x30 ./SDK/platform/devices/S32K116/startup/system_S32K116.o
 .debug_aranges
                0x000011f8       0x20 ./Project_Settings/Startup_Code/startup_S32K116.o
 .debug_aranges
                0x00001218       0x18 ./Generated_Code/uart_pal1.o
 .debug_aranges
                0x00001230       0x18 ./Generated_Code/pin_mux.o
 .debug_aranges
                0x00001248       0x18 ./Generated_Code/clockMan1.o
 .debug_aranges
                0x00001260       0x20 C:/NXP/S32DS_ARM_v2018.R1/S32DS/arm32_ewl2/lib/thumb/v6-m\libc99.a(memcpy.o)
 .debug_aranges
                0x00001280       0x20 C:/NXP/S32DS_ARM_v2018.R1/S32DS/arm32_ewl2/lib/thumb/v6-m\libc99.a(memset.o)
 .debug_aranges
                0x000012a0       0x20 C:/NXP/S32DS_ARM_v2018.R1/S32DS/arm32_ewl2/lib/thumb/v6-m\libc99.a(strlen.o)
 .debug_aranges
                0x000012c0       0x20 C:/NXP/S32DS_ARM_v2018.R1/S32DS/arm32_ewl2/lib/thumb/v6-m\libc99.a(__filll_mem.o)

.debug_ranges   0x00000000     0x1078
 .debug_ranges  0x00000000       0x18 ./Sources/uart.o
 .debug_ranges  0x00000018       0x18 ./Sources/rtos.o
 .debug_ranges  0x00000030       0x10 ./Sources/main.o
 .debug_ranges  0x00000040       0x28 ./Sources/led.o
 .debug_ranges  0x00000068       0x60 ./SDK/rtos/osif/osif_freertos.o
 .debug_ranges  0x000000c8       0x30 ./SDK/rtos/FreeRTOS_S32K/Source/portable/MemMang/heap_2.o
 .debug_ranges  0x000000f8       0x78 ./SDK/rtos/FreeRTOS_S32K/Source/portable/GCC/ARM_CM0/port.o
 .debug_ranges  0x00000170       0xb8 ./SDK/rtos/FreeRTOS_S32K/Source/timers.o
 .debug_ranges  0x00000228      0x1c8 ./SDK/rtos/FreeRTOS_S32K/Source/tasks.o
 .debug_ranges  0x000003f0      0x100 ./SDK/rtos/FreeRTOS_S32K/Source/queue.o
 .debug_ranges  0x000004f0       0x30 ./SDK/rtos/FreeRTOS_S32K/Source/list.o
 .debug_ranges  0x00000520       0x98 ./SDK/platform/pal/src/uart/uart_pal.o
 .debug_ranges  0x000005b8       0x30 ./SDK/platform/drivers/src/pins/pins_port_hw_access.o
 .debug_ranges  0x000005e8      0x158 ./SDK/platform/drivers/src/pins/pins_driver.o
 .debug_ranges  0x00000740       0x18 ./SDK/platform/drivers/src/lpuart/lpuart_irq.o
 .debug_ranges  0x00000758       0x68 ./SDK/platform/drivers/src/lpuart/lpuart_hw_access.o
 .debug_ranges  0x000007c0      0x190 ./SDK/platform/drivers/src/lpuart/lpuart_driver.o
 .debug_ranges  0x00000950       0x58 ./SDK/platform/drivers/src/interrupt/interrupt_manager.o
 .debug_ranges  0x000009a8       0x38 ./SDK/platform/drivers/src/edma/edma_irq.o
 .debug_ranges  0x000009e0       0x78 ./SDK/platform/drivers/src/edma/edma_hw_access.o
 .debug_ranges  0x00000a58      0x218 ./SDK/platform/drivers/src/edma/edma_driver.o
 .debug_ranges  0x00000c70      0x3d8 ./SDK/platform/drivers/src/clock/S32K1xx/clock_S32K1xx.o
 .debug_ranges  0x00001048       0x10 ./SDK/platform/devices/startup.o
 .debug_ranges  0x00001058       0x20 ./SDK/platform/devices/S32K116/startup/system_S32K116.o

.debug_macro    0x00000000    0x1e644
 .debug_macro   0x00000000      0x276 ./Sources/uart.o
 .debug_macro   0x00000276      0x8c8 ./Sources/uart.o
 .debug_macro   0x00000b3e       0x52 ./Sources/uart.o
 .debug_macro   0x00000b90       0xa0 ./Sources/uart.o
 .debug_macro   0x00000c30       0x16 ./Sources/uart.o
 .debug_macro   0x00000c46       0x64 ./Sources/uart.o
 .debug_macro   0x00000caa      0x185 ./Sources/uart.o
 .debug_macro   0x00000e2f      0x140 ./Sources/uart.o
 .debug_macro   0x00000f6f       0x1c ./Sources/uart.o
 .debug_macro   0x00000f8b       0x9d ./Sources/uart.o
 .debug_macro   0x00001028       0x10 ./Sources/uart.o
 .debug_macro   0x00001038      0x15b ./Sources/uart.o
 .debug_macro   0x00001193       0x28 ./Sources/uart.o
 .debug_macro   0x000011bb       0x58 ./Sources/uart.o
 .debug_macro   0x00001213       0x10 ./Sources/uart.o
 .debug_macro   0x00001223       0x73 ./Sources/uart.o
 .debug_macro   0x00001296     0xc7e8 ./Sources/uart.o
 .debug_macro   0x0000da7e      0x9bd ./Sources/uart.o
 .debug_macro   0x0000e43b       0x10 ./Sources/uart.o
 .debug_macro   0x0000e44b       0x83 ./Sources/uart.o
 .debug_macro   0x0000e4ce       0x16 ./Sources/uart.o
 .debug_macro   0x0000e4e4       0x16 ./Sources/uart.o
 .debug_macro   0x0000e4fa       0x16 ./Sources/uart.o
 .debug_macro   0x0000e510       0x16 ./Sources/uart.o
 .debug_macro   0x0000e526      0x1d2 ./Sources/uart.o
 .debug_macro   0x0000e6f8      0x15a ./Sources/uart.o
 .debug_macro   0x0000e852       0xa6 ./Sources/uart.o
 .debug_macro   0x0000e8f8       0x10 ./Sources/uart.o
 .debug_macro   0x0000e908       0x1f ./Sources/uart.o
 .debug_macro   0x0000e927      0x417 ./Sources/uart.o
 .debug_macro   0x0000ed3e       0x86 ./Sources/uart.o
 .debug_macro   0x0000edc4       0x7e ./Sources/uart.o
 .debug_macro   0x0000ee42       0x16 ./Sources/uart.o
 .debug_macro   0x0000ee58       0x16 ./Sources/uart.o
 .debug_macro   0x0000ee6e       0x22 ./Sources/uart.o
 .debug_macro   0x0000ee90       0x10 ./Sources/uart.o
 .debug_macro   0x0000eea0       0x16 ./Sources/uart.o
 .debug_macro   0x0000eeb6       0x10 ./Sources/uart.o
 .debug_macro   0x0000eec6      0x297 ./Sources/rtos.o
 .debug_macro   0x0000f15d      0x1af ./Sources/rtos.o
 .debug_macro   0x0000f30c       0xb5 ./Sources/rtos.o
 .debug_macro   0x0000f3c1       0x8c ./Sources/rtos.o
 .debug_macro   0x0000f44d       0x91 ./Sources/rtos.o
 .debug_macro   0x0000f4de       0x22 ./Sources/rtos.o
 .debug_macro   0x0000f500       0x28 ./Sources/rtos.o
 .debug_macro   0x0000f528       0x1c ./Sources/rtos.o
 .debug_macro   0x0000f544       0x1c ./Sources/rtos.o
 .debug_macro   0x0000f560      0x2aa ./Sources/main.o
 .debug_macro   0x0000f80a       0x16 ./Sources/main.o
 .debug_macro   0x0000f820     0xc7d6 ./Sources/main.o
 .debug_macro   0x0001bff6       0x16 ./Sources/main.o
 .debug_macro   0x0001c00c      0x1c4 ./Sources/led.o
 .debug_macro   0x0001c1d0      0x1be ./SDK/rtos/osif/osif_freertos.o
 .debug_macro   0x0001c38e      0x177 ./SDK/rtos/FreeRTOS_S32K/Source/portable/MemMang/heap_2.o
 .debug_macro   0x0001c505       0x2e ./SDK/rtos/FreeRTOS_S32K/Source/portable/MemMang/heap_2.o
 .debug_macro   0x0001c533      0x182 ./SDK/rtos/FreeRTOS_S32K/Source/portable/GCC/ARM_CM0/port.o
 .debug_macro   0x0001c6b5      0x18d ./SDK/rtos/FreeRTOS_S32K/Source/timers.o
 .debug_macro   0x0001c842      0x23f ./SDK/rtos/FreeRTOS_S32K/Source/tasks.o
 .debug_macro   0x0001ca81       0x10 ./SDK/rtos/FreeRTOS_S32K/Source/tasks.o
 .debug_macro   0x0001ca91      0x1ca ./SDK/rtos/FreeRTOS_S32K/Source/queue.o
 .debug_macro   0x0001cc5b      0x14a ./SDK/rtos/FreeRTOS_S32K/Source/list.o
 .debug_macro   0x0001cda5      0x1e0 ./SDK/platform/pal/src/uart/uart_pal.o
 .debug_macro   0x0001cf85       0x10 ./SDK/platform/pal/src/uart/uart_pal.o
 .debug_macro   0x0001cf95      0x13b ./SDK/platform/drivers/src/pins/pins_port_hw_access.o
 .debug_macro   0x0001d0d0      0x141 ./SDK/platform/drivers/src/pins/pins_driver.o
 .debug_macro   0x0001d211       0xf4 ./SDK/platform/drivers/src/lpuart/lpuart_irq.o
 .debug_macro   0x0001d305      0x1c7 ./SDK/platform/drivers/src/lpuart/lpuart_hw_access.o
 .debug_macro   0x0001d4cc       0x34 ./SDK/platform/drivers/src/lpuart/lpuart_hw_access.o
 .debug_macro   0x0001d500      0x1eb ./SDK/platform/drivers/src/lpuart/lpuart_driver.o
 .debug_macro   0x0001d6eb       0xea ./SDK/platform/drivers/src/interrupt/interrupt_manager.o
 .debug_macro   0x0001d7d5      0x134 ./SDK/platform/drivers/src/edma/edma_irq.o
 .debug_macro   0x0001d909      0x130 ./SDK/platform/drivers/src/edma/edma_hw_access.o
 .debug_macro   0x0001da39      0x15b ./SDK/platform/drivers/src/edma/edma_driver.o
 .debug_macro   0x0001db94      0x2d3 ./SDK/platform/drivers/src/clock/S32K1xx/clock_S32K1xx.o
 .debug_macro   0x0001de67       0xea ./SDK/platform/devices/startup.o
 .debug_macro   0x0001df51       0x40 ./SDK/platform/devices/startup.o
 .debug_macro   0x0001df91       0xe9 ./SDK/platform/devices/S32K116/startup/system_S32K116.o
 .debug_macro   0x0001e07a      0x247 ./Generated_Code/uart_pal1.o
 .debug_macro   0x0001e2c1      0x140 ./Generated_Code/pin_mux.o
 .debug_macro   0x0001e401      0x243 ./Generated_Code/clockMan1.o

.debug_line     0x00000000     0xc112
 .debug_line    0x00000000      0x747 ./Sources/uart.o
 .debug_line    0x00000747      0x74a ./Sources/rtos.o
 .debug_line    0x00000e91      0x742 ./Sources/main.o
 .debug_line    0x000015d3      0x53a ./Sources/led.o
 .debug_line    0x00001b0d      0x5ba ./SDK/rtos/osif/osif_freertos.o
 .debug_line    0x000020c7      0x3f2 ./SDK/rtos/FreeRTOS_S32K/Source/portable/MemMang/heap_2.o
 .debug_line    0x000024b9      0x45c ./SDK/rtos/FreeRTOS_S32K/Source/portable/GCC/ARM_CM0/port.o
 .debug_line    0x00002915      0x624 ./SDK/rtos/FreeRTOS_S32K/Source/timers.o
 .debug_line    0x00002f39      0xe56 ./SDK/rtos/FreeRTOS_S32K/Source/tasks.o
 .debug_line    0x00003d8f      0xa63 ./SDK/rtos/FreeRTOS_S32K/Source/queue.o
 .debug_line    0x000047f2      0x39e ./SDK/rtos/FreeRTOS_S32K/Source/list.o
 .debug_line    0x00004b90      0x806 ./SDK/platform/pal/src/uart/uart_pal.o
 .debug_line    0x00005396      0x480 ./SDK/platform/drivers/src/pins/pins_port_hw_access.o
 .debug_line    0x00005816      0x726 ./SDK/platform/drivers/src/pins/pins_driver.o
 .debug_line    0x00005f3c      0x377 ./SDK/platform/drivers/src/lpuart/lpuart_irq.o
 .debug_line    0x000062b3      0x728 ./SDK/platform/drivers/src/lpuart/lpuart_hw_access.o
 .debug_line    0x000069db      0xc93 ./SDK/platform/drivers/src/lpuart/lpuart_driver.o
 .debug_line    0x0000766e      0x477 ./SDK/platform/drivers/src/interrupt/interrupt_manager.o
 .debug_line    0x00007ae5      0x42d ./SDK/platform/drivers/src/edma/edma_irq.o
 .debug_line    0x00007f12      0x57c ./SDK/platform/drivers/src/edma/edma_hw_access.o
 .debug_line    0x0000848e      0xd1a ./SDK/platform/drivers/src/edma/edma_driver.o
 .debug_line    0x000091a8     0x152f ./SDK/platform/drivers/src/clock/S32K1xx/clock_S32K1xx.o
 .debug_line    0x0000a6d7      0x27e ./SDK/platform/devices/startup.o
 .debug_line    0x0000a955      0x34f ./SDK/platform/devices/S32K116/startup/system_S32K116.o
 .debug_line    0x0000aca4       0x92 ./Project_Settings/Startup_Code/startup_S32K116.o
 .debug_line    0x0000ad36      0x6f6 ./Generated_Code/uart_pal1.o
 .debug_line    0x0000b42c      0x382 ./Generated_Code/pin_mux.o
 .debug_line    0x0000b7ae      0x6f6 ./Generated_Code/clockMan1.o
 .debug_line    0x0000bea4       0x9a C:/NXP/S32DS_ARM_v2018.R1/S32DS/arm32_ewl2/lib/thumb/v6-m\libc99.a(memcpy.o)
 .debug_line    0x0000bf3e       0x90 C:/NXP/S32DS_ARM_v2018.R1/S32DS/arm32_ewl2/lib/thumb/v6-m\libc99.a(memset.o)
 .debug_line    0x0000bfce       0x85 C:/NXP/S32DS_ARM_v2018.R1/S32DS/arm32_ewl2/lib/thumb/v6-m\libc99.a(strlen.o)
 .debug_line    0x0000c053       0xbf C:/NXP/S32DS_ARM_v2018.R1/S32DS/arm32_ewl2/lib/thumb/v6-m\libc99.a(__filll_mem.o)

.debug_str      0x00000000    0x68301
 .debug_str     0x00000000    0x5ee79 ./Sources/uart.o
                              0x5f103 (size before relaxing)
 .debug_str     0x0005ee79     0x160e ./Sources/rtos.o
                              0x6066c (size before relaxing)
 .debug_str     0x00060487       0x53 ./Sources/main.o
                              0x6068c (size before relaxing)
 .debug_str     0x000604da       0x75 ./Sources/led.o
                              0x5d6eb (size before relaxing)
 .debug_str     0x0006054f      0x22a ./SDK/rtos/osif/osif_freertos.o
                              0x5dcbd (size before relaxing)
 .debug_str     0x00060779      0x463 ./SDK/rtos/FreeRTOS_S32K/Source/portable/MemMang/heap_2.o
                               0x7fbc (size before relaxing)
 .debug_str     0x00060bdc      0x3fb ./SDK/rtos/FreeRTOS_S32K/Source/portable/GCC/ARM_CM0/port.o
                               0x7f9e (size before relaxing)
 .debug_str     0x00060fd7      0x598 ./SDK/rtos/FreeRTOS_S32K/Source/timers.o
                               0x9166 (size before relaxing)
 .debug_str     0x0006156f     0x1333 ./SDK/rtos/FreeRTOS_S32K/Source/tasks.o
                               0x98dc (size before relaxing)
 .debug_str     0x000628a2      0x6d4 ./SDK/rtos/FreeRTOS_S32K/Source/queue.o
                               0x8c1b (size before relaxing)
 .debug_str     0x00062f76       0xaa ./SDK/rtos/FreeRTOS_S32K/Source/list.o
                               0x7794 (size before relaxing)
 .debug_str     0x00063020      0x426 ./SDK/platform/pal/src/uart/uart_pal.o
                              0x5d587 (size before relaxing)
 .debug_str     0x00063446      0x186 ./SDK/platform/drivers/src/pins/pins_port_hw_access.o
                              0x58ff5 (size before relaxing)
 .debug_str     0x000635cc      0x47e ./SDK/platform/drivers/src/pins/pins_driver.o
                              0x59c37 (size before relaxing)
 .debug_str     0x00063a4a       0x78 ./SDK/platform/drivers/src/lpuart/lpuart_irq.o
                              0x589d4 (size before relaxing)
 .debug_str     0x00063ac2      0x5d1 ./SDK/platform/drivers/src/lpuart/lpuart_hw_access.o
                              0x5d45d (size before relaxing)
 .debug_str     0x00064093      0x92f ./SDK/platform/drivers/src/lpuart/lpuart_driver.o
                              0x5e3df (size before relaxing)
 .debug_str     0x000649c2      0x1c3 ./SDK/platform/drivers/src/interrupt/interrupt_manager.o
                              0x58dce (size before relaxing)
 .debug_str     0x00064b85      0x19c ./SDK/platform/drivers/src/edma/edma_irq.o
                              0x58d1e (size before relaxing)
 .debug_str     0x00064d21      0x427 ./SDK/platform/drivers/src/edma/edma_hw_access.o
                              0x590df (size before relaxing)
 .debug_str     0x00065148      0xc35 ./SDK/platform/drivers/src/edma/edma_driver.o
                              0x5b0da (size before relaxing)
 .debug_str     0x00065d7d     0x1f2c ./SDK/platform/drivers/src/clock/S32K1xx/clock_S32K1xx.o
                              0x5c788 (size before relaxing)
 .debug_str     0x00067ca9      0x35a ./SDK/platform/devices/startup.o
                              0x58ddb (size before relaxing)
 .debug_str     0x00068003       0xa1 ./SDK/platform/devices/S32K116/startup/system_S32K116.o
                              0x58b81 (size before relaxing)
 .debug_str     0x000680a4       0x3f ./Project_Settings/Startup_Code/startup_S32K116.o
                                 0x60 (size before relaxing)
 .debug_str     0x000680e3       0x1e ./Generated_Code/uart_pal1.o
                              0x5f059 (size before relaxing)
 .debug_str     0x00068101       0x1c ./Generated_Code/pin_mux.o
                              0x58eb1 (size before relaxing)
 .debug_str     0x0006811d       0x1e ./Generated_Code/clockMan1.o
                              0x5f059 (size before relaxing)
 .debug_str     0x0006813b      0x15b C:/NXP/S32DS_ARM_v2018.R1/S32DS/arm32_ewl2/lib/thumb/v6-m\libc99.a(memcpy.o)
                                0x1ff (size before relaxing)
 .debug_str     0x00068296       0x22 C:/NXP/S32DS_ARM_v2018.R1/S32DS/arm32_ewl2/lib/thumb/v6-m\libc99.a(memset.o)
                                0x201 (size before relaxing)
 .debug_str     0x000682b8       0x24 C:/NXP/S32DS_ARM_v2018.R1/S32DS/arm32_ewl2/lib/thumb/v6-m\libc99.a(strlen.o)
                                0x201 (size before relaxing)
 .debug_str     0x000682dc       0x25 C:/NXP/S32DS_ARM_v2018.R1/S32DS/arm32_ewl2/lib/thumb/v6-m\libc99.a(__filll_mem.o)
                                0x213 (size before relaxing)

.comment        0x00000000      0x141
 .comment       0x00000000       0xa0 ./Sources/uart.o
                                 0xa1 (size before relaxing)
 .comment       0x000000a0       0xa1 ./Sources/rtos.o
 .comment       0x000000a0       0xa1 ./Sources/main.o
 .comment       0x000000a0       0xa1 ./Sources/led.o
 .comment       0x000000a0       0xa1 ./SDK/rtos/osif/osif_freertos.o
 .comment       0x000000a0       0xa1 ./SDK/rtos/FreeRTOS_S32K/Source/portable/MemMang/heap_2.o
 .comment       0x000000a0       0xa1 ./SDK/rtos/FreeRTOS_S32K/Source/portable/GCC/ARM_CM0/port.o
 .comment       0x000000a0       0xa1 ./SDK/rtos/FreeRTOS_S32K/Source/timers.o
 .comment       0x000000a0       0xa1 ./SDK/rtos/FreeRTOS_S32K/Source/tasks.o
 .comment       0x000000a0       0xa1 ./SDK/rtos/FreeRTOS_S32K/Source/queue.o
 .comment       0x000000a0       0xa1 ./SDK/rtos/FreeRTOS_S32K/Source/list.o
 .comment       0x000000a0       0xa1 ./SDK/platform/pal/src/uart/uart_pal.o
 .comment       0x000000a0       0xa1 ./SDK/platform/drivers/src/pins/pins_port_hw_access.o
 .comment       0x000000a0       0xa1 ./SDK/platform/drivers/src/pins/pins_driver.o
 .comment       0x000000a0       0xa1 ./SDK/platform/drivers/src/lpuart/lpuart_irq.o
 .comment       0x000000a0       0xa1 ./SDK/platform/drivers/src/lpuart/lpuart_hw_access.o
 .comment       0x000000a0       0xa1 ./SDK/platform/drivers/src/lpuart/lpuart_driver.o
 .comment       0x000000a0       0xa1 ./SDK/platform/drivers/src/interrupt/interrupt_manager.o
 .comment       0x000000a0       0xa1 ./SDK/platform/drivers/src/edma/edma_irq.o
 .comment       0x000000a0       0xa1 ./SDK/platform/drivers/src/edma/edma_hw_access.o
 .comment       0x000000a0       0xa1 ./SDK/platform/drivers/src/edma/edma_driver.o
 .comment       0x000000a0       0xa1 ./SDK/platform/drivers/src/clock/S32K1xx/clock_S32K1xx.o
 .comment       0x000000a0       0xa1 ./SDK/platform/devices/startup.o
 .comment       0x000000a0       0xa1 ./SDK/platform/devices/S32K116/startup/system_S32K116.o
 .comment       0x000000a0       0xa1 ./Generated_Code/uart_pal1.o
 .comment       0x000000a0       0xa1 ./Generated_Code/pin_mux.o
 .comment       0x000000a0       0xa1 ./Generated_Code/clockMan1.o
 .comment       0x000000a0       0xa1 C:/NXP/S32DS_ARM_v2018.R1/S32DS/arm32_ewl2/lib/thumb/v6-m\libc99.a(memcpy.o)
                                 0xa2 (size before relaxing)
 .comment       0x00000141       0xa2 C:/NXP/S32DS_ARM_v2018.R1/S32DS/arm32_ewl2/lib/thumb/v6-m\libc99.a(memset.o)
 .comment       0x00000141       0xa2 C:/NXP/S32DS_ARM_v2018.R1/S32DS/arm32_ewl2/lib/thumb/v6-m\libc99.a(strlen.o)
 .comment       0x00000141       0xa2 C:/NXP/S32DS_ARM_v2018.R1/S32DS/arm32_ewl2/lib/thumb/v6-m\libc99.a(__filll_mem.o)

.debug_frame    0x00000000     0x407c
 .debug_frame   0x00000000       0x50 ./Sources/uart.o
 .debug_frame   0x00000050       0x4c ./Sources/rtos.o
 .debug_frame   0x0000009c       0x2c ./Sources/main.o
 .debug_frame   0x000000c8       0x90 ./Sources/led.o
 .debug_frame   0x00000158      0x170 ./SDK/rtos/osif/osif_freertos.o
 .debug_frame   0x000002c8       0xa8 ./SDK/rtos/FreeRTOS_S32K/Source/portable/MemMang/heap_2.o
 .debug_frame   0x00000370      0x174 ./SDK/rtos/FreeRTOS_S32K/Source/portable/GCC/ARM_CM0/port.o
 .debug_frame   0x000004e4      0x2c8 ./SDK/rtos/FreeRTOS_S32K/Source/timers.o
 .debug_frame   0x000007ac      0x6fc ./SDK/rtos/FreeRTOS_S32K/Source/tasks.o
 .debug_frame   0x00000ea8      0x3f0 ./SDK/rtos/FreeRTOS_S32K/Source/queue.o
 .debug_frame   0x00001298       0xb0 ./SDK/rtos/FreeRTOS_S32K/Source/list.o
 .debug_frame   0x00001348      0x250 ./SDK/platform/pal/src/uart/uart_pal.o
 .debug_frame   0x00001598       0xb0 ./SDK/platform/drivers/src/pins/pins_port_hw_access.o
 .debug_frame   0x00001648      0x550 ./SDK/platform/drivers/src/pins/pins_driver.o
 .debug_frame   0x00001b98       0x48 ./SDK/platform/drivers/src/lpuart/lpuart_irq.o
 .debug_frame   0x00001be0      0x190 ./SDK/platform/drivers/src/lpuart/lpuart_hw_access.o
 .debug_frame   0x00001d70      0x630 ./SDK/platform/drivers/src/lpuart/lpuart_driver.o
 .debug_frame   0x000023a0      0x148 ./SDK/platform/drivers/src/interrupt/interrupt_manager.o
 .debug_frame   0x000024e8       0xc0 ./SDK/platform/drivers/src/edma/edma_irq.o
 .debug_frame   0x000025a8      0x1d0 ./SDK/platform/drivers/src/edma/edma_hw_access.o
 .debug_frame   0x00002778      0x858 ./SDK/platform/drivers/src/edma/edma_driver.o
 .debug_frame   0x00002fd0      0xf54 ./SDK/platform/drivers/src/clock/S32K1xx/clock_S32K1xx.o
 .debug_frame   0x00003f24       0x30 ./SDK/platform/devices/startup.o
 .debug_frame   0x00003f54       0x6c ./SDK/platform/devices/S32K116/startup/system_S32K116.o
 .debug_frame   0x00003fc0       0x28 C:/NXP/S32DS_ARM_v2018.R1/S32DS/arm32_ewl2/lib/thumb/v6-m\libc99.a(memcpy.o)
 .debug_frame   0x00003fe8       0x28 C:/NXP/S32DS_ARM_v2018.R1/S32DS/arm32_ewl2/lib/thumb/v6-m\libc99.a(memset.o)
 .debug_frame   0x00004010       0x20 C:/NXP/S32DS_ARM_v2018.R1/S32DS/arm32_ewl2/lib/thumb/v6-m\libc99.a(strlen.o)
 .debug_frame   0x00004030       0x2c C:/NXP/S32DS_ARM_v2018.R1/S32DS/arm32_ewl2/lib/thumb/v6-m\libc99.a(__filll_mem.o)
 .debug_frame   0x0000405c       0x20 c:/nxp/s32ds_arm_v2018.r1/cross_tools/gcc-6.3-arm32-eabi/bin/../lib/gcc/arm-none-eabi/6.3.1/thumb/v6-m\libgcc.a(_udivsi3.o)

.debug_loc      0x00000000      0x272
 .debug_loc     0x00000000       0x59 C:/NXP/S32DS_ARM_v2018.R1/S32DS/arm32_ewl2/lib/thumb/v6-m\libc99.a(memcpy.o)
 .debug_loc     0x00000059       0x6f C:/NXP/S32DS_ARM_v2018.R1/S32DS/arm32_ewl2/lib/thumb/v6-m\libc99.a(memset.o)
 .debug_loc     0x000000c8       0x13 C:/NXP/S32DS_ARM_v2018.R1/S32DS/arm32_ewl2/lib/thumb/v6-m\libc99.a(strlen.o)
 .debug_loc     0x000000db      0x197 C:/NXP/S32DS_ARM_v2018.R1/S32DS/arm32_ewl2/lib/thumb/v6-m\libc99.a(__filll_mem.o)